                      :-) GROMACS - gmx mdrun, 2019.2 (-:

                            GROMACS is written by:
     Emile Apol      Rossen Apostolov      Paul Bauer     Herman J.C. Berendsen
    Par Bjelkmar      Christian Blau   Viacheslav Bolnykh     Kevin Boyd    
 Aldert van Buuren   Rudi van Drunen     Anton Feenstra       Alan Gray     
  Gerrit Groenhof     Anca Hamuraru    Vincent Hindriksen  M. Eric Irrgang  
  Aleksei Iupinov   Christoph Junghans     Joe Jordan     Dimitrios Karkoulis
    Peter Kasson        Jiri Kraus      Carsten Kutzner      Per Larsson    
  Justin A. Lemkul    Viveca Lindahl    Magnus Lundborg     Erik Marklund   
    Pascal Merz     Pieter Meulenhoff    Teemu Murtola       Szilard Pall   
    Sander Pronk      Roland Schulz      Michael Shirts    Alexey Shvetsov  
   Alfons Sijbers     Peter Tieleman      Jon Vincent      Teemu Virolainen 
 Christian Wennberg    Maarten Wolf   
                           and the project leaders:
        Mark Abraham, Berk Hess, Erik Lindahl, and David van der Spoel

Copyright (c) 1991-2000, University of Groningen, The Netherlands.
Copyright (c) 2001-2018, The GROMACS development team at
Uppsala University, Stockholm University and
the Royal Institute of Technology, Sweden.
check out http://www.gromacs.org for more information.

GROMACS is free software; you can redistribute it and/or modify it
under the terms of the GNU Lesser General Public License
as published by the Free Software Foundation; either version 2.1
of the License, or (at your option) any later version.

GROMACS:      gmx mdrun, version 2019.2
Executable:   /shared/software/chem/gromacs/gromacs-2019.2-ompi/bin/gmx
Data prefix:  /shared/software/chem/gromacs/gromacs-2019.2-ompi
Working dir:  /home/ws/rs6725/test_md
Process ID:   80781
Command line:
  gmx mdrun -deffnm md_0_1 -v -ntmpi 4 -ntomp 4

GROMACS version:    2019.2
Precision:          single
Memory model:       64 bit
MPI library:        thread_mpi
OpenMP support:     enabled (GMX_OPENMP_MAX_THREADS = 64)
GPU support:        CUDA
SIMD instructions:  AVX2_128
FFT library:        fftw-3.3.8-sse2-avx-avx2-avx2_128-avx512
RDTSCP usage:       enabled
TNG support:        enabled
Hwloc support:      hwloc-1.11.8
Tracing support:    disabled
C compiler:         /opt/ohpc/pub/compiler/gcc/7.3.0/bin/gcc GNU 7.3.0
C compiler flags:    -mavx2 -mfma     -O3 -DNDEBUG -funroll-all-loops -fexcess-precision=fast  
C++ compiler:       /opt/ohpc/pub/compiler/gcc/7.3.0/bin/c++ GNU 7.3.0
C++ compiler flags:  -mavx2 -mfma    -std=c++11   -O3 -DNDEBUG -funroll-all-loops -fexcess-precision=fast  
CUDA compiler:      /usr/local/cuda/bin/nvcc nvcc: NVIDIA (R) Cuda compiler driver;Copyright (c) 2005-2018 NVIDIA Corporation;Built on Sat_Aug_25_21:08:01_CDT_2018;Cuda compilation tools, release 10.0, V10.0.130
CUDA compiler flags:-gencode;arch=compute_30,code=sm_30;-gencode;arch=compute_35,code=sm_35;-gencode;arch=compute_37,code=sm_37;-gencode;arch=compute_50,code=sm_50;-gencode;arch=compute_52,code=sm_52;-gencode;arch=compute_60,code=sm_60;-gencode;arch=compute_61,code=sm_61;-gencode;arch=compute_70,code=sm_70;-gencode;arch=compute_75,code=compute_75;-use_fast_math;;; ;-mavx2;-mfma;-std=c++11;-O3;-DNDEBUG;-funroll-all-loops;-fexcess-precision=fast;
CUDA driver:        12.40
CUDA runtime:       N/A

Note: 128 CPUs configured, but only 32 were detected to be online.

NOTE: Detection of GPUs failed. The API reported:
      no CUDA-capable device is detected
      GROMACS cannot run tasks on a GPU.

Running on 1 node with total 32 cores, 32 logical cores, 0 compatible GPUs
Hardware detected:
  CPU info:
    Vendor: AMD
    Brand:  AMD EPYC 7702 64-Core Processor                
    Family: 23   Model: 49   Stepping: 0
    Features: aes amd apic avx avx2 clfsh cmov cx8 cx16 f16c fma htt lahf misalignsse mmx msr nonstop_tsc pclmuldq pdpe1gb popcnt pse rdrnd rdtscp sha sse2 sse3 sse4a sse4.1 sse4.2 ssse3
  Hardware topology: Full, with devices
    Sockets, cores, and logical processors:
      Socket  0: [   0] [   1] [   2] [   3] [   4] [   5] [   6] [   7] [   8] [   9] [  10] [  11] [  12] [  13] [  14] [  15] [  16] [  17] [  18] [  19] [  20] [  21] [  22] [  23] [  24] [  25] [  26] [  27] [  28] [  29] [  30] [  31]
    Numa nodes:
      Node  0 (134925836288 bytes mem):   0   1   2   3   4   5   6   7   8   9  10  11  12  13  14  15  16  17  18  19  20  21  22  23  24  25  26  27  28  29  30  31
      Node  1 (135276908544 bytes mem):
      Latency:
               0     1
         0  1.00  3.20
         1  3.20  1.00
    Caches:
      L1: 32768 bytes, linesize 64 bytes, assoc. 8, shared 1 ways
      L2: 524288 bytes, linesize 64 bytes, assoc. 8, shared 1 ways
      L3: 16777216 bytes, linesize 64 bytes, assoc. 16, shared 4 ways
    PCI devices:
      0000:21:00.0  Id: 8086:1563  Class: 0x0200  Numa: -1
      0000:21:00.1  Id: 8086:1563  Class: 0x0200  Numa: -1
      0000:24:00.0  Id: 1022:7901  Class: 0x0106  Numa: -1
      0000:25:00.0  Id: 1022:7901  Class: 0x0106  Numa: -1
      0000:43:00.0  Id: 1022:7901  Class: 0x0106  Numa: -1
      0000:44:00.0  Id: 1022:7901  Class: 0x0106  Numa: -1
      0000:62:00.0  Id: 1a03:2000  Class: 0x0300  Numa: -1
      0000:a7:00.0  Id: 1022:7901  Class: 0x0106  Numa: -1
      0000:a8:00.0  Id: 1022:7901  Class: 0x0106  Numa: -1
      0000:c3:00.0  Id: 1022:7901  Class: 0x0106  Numa: -1
      0000:c4:00.0  Id: 1022:7901  Class: 0x0106  Numa: -1


++++ PLEASE READ AND CITE THE FOLLOWING REFERENCE ++++
M. J. Abraham, T. Murtola, R. Schulz, S. Páll, J. C. Smith, B. Hess, E.
Lindahl
GROMACS: High performance molecular simulations through multi-level
parallelism from laptops to supercomputers
SoftwareX 1 (2015) pp. 19-25
-------- -------- --- Thank You --- -------- --------


++++ PLEASE READ AND CITE THE FOLLOWING REFERENCE ++++
S. Páll, M. J. Abraham, C. Kutzner, B. Hess, E. Lindahl
Tackling Exascale Software Challenges in Molecular Dynamics Simulations with
GROMACS
In S. Markidis & E. Laure (Eds.), Solving Software Challenges for Exascale 8759 (2015) pp. 3-27
-------- -------- --- Thank You --- -------- --------


++++ PLEASE READ AND CITE THE FOLLOWING REFERENCE ++++
S. Pronk, S. Páll, R. Schulz, P. Larsson, P. Bjelkmar, R. Apostolov, M. R.
Shirts, J. C. Smith, P. M. Kasson, D. van der Spoel, B. Hess, and E. Lindahl
GROMACS 4.5: a high-throughput and highly parallel open source molecular
simulation toolkit
Bioinformatics 29 (2013) pp. 845-54
-------- -------- --- Thank You --- -------- --------


++++ PLEASE READ AND CITE THE FOLLOWING REFERENCE ++++
B. Hess and C. Kutzner and D. van der Spoel and E. Lindahl
GROMACS 4: Algorithms for highly efficient, load-balanced, and scalable
molecular simulation
J. Chem. Theory Comput. 4 (2008) pp. 435-447
-------- -------- --- Thank You --- -------- --------


++++ PLEASE READ AND CITE THE FOLLOWING REFERENCE ++++
D. van der Spoel, E. Lindahl, B. Hess, G. Groenhof, A. E. Mark and H. J. C.
Berendsen
GROMACS: Fast, Flexible and Free
J. Comp. Chem. 26 (2005) pp. 1701-1719
-------- -------- --- Thank You --- -------- --------


++++ PLEASE READ AND CITE THE FOLLOWING REFERENCE ++++
E. Lindahl and B. Hess and D. van der Spoel
GROMACS 3.0: A package for molecular simulation and trajectory analysis
J. Mol. Mod. 7 (2001) pp. 306-317
-------- -------- --- Thank You --- -------- --------


++++ PLEASE READ AND CITE THE FOLLOWING REFERENCE ++++
H. J. C. Berendsen, D. van der Spoel and R. van Drunen
GROMACS: A message-passing parallel molecular dynamics implementation
Comp. Phys. Comm. 91 (1995) pp. 43-56
-------- -------- --- Thank You --- -------- --------


++++ PLEASE CITE THE DOI FOR THIS VERSION OF GROMACS ++++
https://doi.org/10.5281/zenodo.2636382
-------- -------- --- Thank You --- -------- --------

Input Parameters:
   integrator                     = md
   tinit                          = 0
   dt                             = 0.002
   nsteps                         = 500000
   init-step                      = 0
   simulation-part                = 1
   comm-mode                      = Linear
   nstcomm                        = 100
   bd-fric                        = 0
   ld-seed                        = 1060254821
   emtol                          = 10
   emstep                         = 0.01
   niter                          = 20
   fcstep                         = 0
   nstcgsteep                     = 1000
   nbfgscorr                      = 10
   rtpi                           = 0.05
   nstxout                        = 0
   nstvout                        = 0
   nstfout                        = 0
   nstlog                         = 5000
   nstcalcenergy                  = 100
   nstenergy                      = 5000
   nstxout-compressed             = 5000
   compressed-x-precision         = 1000
   cutoff-scheme                  = Verlet
   nstlist                        = 10
   ns-type                        = Grid
   pbc                            = xyz
   periodic-molecules             = false
   verlet-buffer-tolerance        = 0.005
   rlist                          = 1.2
   coulombtype                    = PME
   coulomb-modifier               = Potential-shift
   rcoulomb-switch                = 0
   rcoulomb                       = 1.2
   epsilon-r                      = 1
   epsilon-rf                     = inf
   vdw-type                       = Cut-off
   vdw-modifier                   = Force-switch
   rvdw-switch                    = 1
   rvdw                           = 1.2
   DispCorr                       = No
   table-extension                = 1
   fourierspacing                 = 0.16
   fourier-nx                     = 32
   fourier-ny                     = 32
   fourier-nz                     = 32
   pme-order                      = 4
   ewald-rtol                     = 1e-05
   ewald-rtol-lj                  = 0.001
   lj-pme-comb-rule               = Geometric
   ewald-geometry                 = 0
   epsilon-surface                = 0
   tcoupl                         = V-rescale
   nsttcouple                     = 10
   nh-chain-length                = 0
   print-nose-hoover-chain-variables = false
   pcoupl                         = Parrinello-Rahman
   pcoupltype                     = Isotropic
   nstpcouple                     = 10
   tau-p                          = 5
   compressibility (3x3):
      compressibility[    0]={ 4.50000e-05,  0.00000e+00,  0.00000e+00}
      compressibility[    1]={ 0.00000e+00,  4.50000e-05,  0.00000e+00}
      compressibility[    2]={ 0.00000e+00,  0.00000e+00,  4.50000e-05}
   ref-p (3x3):
      ref-p[    0]={ 1.00000e+00,  0.00000e+00,  0.00000e+00}
      ref-p[    1]={ 0.00000e+00,  1.00000e+00,  0.00000e+00}
      ref-p[    2]={ 0.00000e+00,  0.00000e+00,  1.00000e+00}
   refcoord-scaling               = No
   posres-com (3):
      posres-com[0]= 0.00000e+00
      posres-com[1]= 0.00000e+00
      posres-com[2]= 0.00000e+00
   posres-comB (3):
      posres-comB[0]= 0.00000e+00
      posres-comB[1]= 0.00000e+00
      posres-comB[2]= 0.00000e+00
   QMMM                           = false
   QMconstraints                  = 0
   QMMMscheme                     = 0
   MMChargeScaleFactor            = 1
qm-opts:
   ngQM                           = 0
   constraint-algorithm           = Lincs
   continuation                   = true
   Shake-SOR                      = false
   shake-tol                      = 0.0001
   lincs-order                    = 4
   lincs-iter                     = 1
   lincs-warnangle                = 30
   nwall                          = 0
   wall-type                      = 9-3
   wall-r-linpot                  = -1
   wall-atomtype[0]               = -1
   wall-atomtype[1]               = -1
   wall-density[0]                = 0
   wall-density[1]                = 0
   wall-ewald-zfac                = 3
   pull                           = false
   awh                            = false
   rotation                       = false
   interactiveMD                  = false
   disre                          = No
   disre-weighting                = Conservative
   disre-mixed                    = false
   dr-fc                          = 1000
   dr-tau                         = 0
   nstdisreout                    = 100
   orire-fc                       = 0
   orire-tau                      = 0
   nstorireout                    = 100
   free-energy                    = no
   cos-acceleration               = 0
   deform (3x3):
      deform[    0]={ 0.00000e+00,  0.00000e+00,  0.00000e+00}
      deform[    1]={ 0.00000e+00,  0.00000e+00,  0.00000e+00}
      deform[    2]={ 0.00000e+00,  0.00000e+00,  0.00000e+00}
   simulated-tempering            = false
   swapcoords                     = no
   userint1                       = 0
   userint2                       = 0
   userint3                       = 0
   userint4                       = 0
   userreal1                      = 0
   userreal2                      = 0
   userreal3                      = 0
   userreal4                      = 0
   applied-forces:
     electric-field:
       x:
         E0                       = 0
         omega                    = 0
         t0                       = 0
         sigma                    = 0
       y:
         E0                       = 0
         omega                    = 0
         t0                       = 0
         sigma                    = 0
       z:
         E0                       = 0
         omega                    = 0
         t0                       = 0
         sigma                    = 0
grpopts:
   nrdf:       17954
   ref-t:         298
   tau-t:           1
annealing:          No
annealing-npoints:           0
   acc:	           0           0           0
   nfreeze:           N           N           N
   energygrp-flags[  0]: 0

Changing nstlist from 10 to 80, rlist from 1.2 to 1.321


Initializing Domain Decomposition on 4 ranks
Dynamic load balancing: locked
Using update groups, nr 3016, average size 3.0 atoms, max. radius 0.104 nm
Minimum cell size due to atom displacement: 0.514 nm
Initial maximum distances in bonded interactions:
    two-body bonded interactions: 0.393 nm, LJ-14, atoms 102 109
  multi-body bonded interactions: 0.393 nm, Proper Dih., atoms 102 109
Minimum cell size due to bonded interactions: 0.433 nm
Using 0 separate PME ranks, as there are too few total
 ranks for efficient splitting
Scaling the initial minimum size with 1/0.8 (option -dds) = 1.25
Optimizing the DD grid for 4 cells with a minimum initial size of 0.642 nm
The maximum allowed number of cells is: X 7 Y 7 Z 7
Domain decomposition grid 4 x 1 x 1, separate PME ranks 0
PME domain decomposition: 4 x 1 x 1
Domain decomposition rank 0, coordinates 0 0 0

The initial number of communication pulses is: X 2
The initial domain decomposition cell size is: X 1.13 nm

The maximum allowed distance for atom groups involved in interactions is:
                 non-bonded interactions           1.529 nm
(the following are initial values, they could change due to box deformation)
            two-body bonded interactions  (-rdd)   1.529 nm
          multi-body bonded interactions  (-rdd)   1.125 nm

When dynamic load balancing gets turned on, these settings will change to:
The maximum number of communication pulses is: X 2
The minimum size for domain decomposition cells is 0.765 nm
The requested allowed shrink of DD cells (option -dds) is: 0.80
The allowed shrink of domain decomposition cells is: X 0.68
The maximum allowed distance for atom groups involved in interactions is:
                 non-bonded interactions           1.529 nm
            two-body bonded interactions  (-rdd)   1.529 nm
          multi-body bonded interactions  (-rdd)   0.765 nm

Using 4 MPI threads
Using 4 OpenMP threads per tMPI thread


NOTE: The number of threads is not equal to the number of (logical) cores
      and the -pin option is set to auto: will not pin threads to cores.
      This can lead to significant performance degradation.
      Consider using -pin on (and -pinoffset in case you run multiple jobs).
System total charge: -0.000
Will do PME sum in reciprocal space for electrostatic interactions.

++++ PLEASE READ AND CITE THE FOLLOWING REFERENCE ++++
U. Essmann, L. Perera, M. L. Berkowitz, T. Darden, H. Lee and L. G. Pedersen 
A smooth particle mesh Ewald method
J. Chem. Phys. 103 (1995) pp. 8577-8592
-------- -------- --- Thank You --- -------- --------

Using a Gaussian width (1/beta) of 0.384195 nm for Ewald
Potential shift: LJ r^-12: -2.648e-01 r^-6: -5.349e-01, Ewald -8.333e-06
Initialized non-bonded Ewald correction tables, spacing: 1.02e-03 size: 1176

Generated table with 1160 data points for 1-4 COUL.
Tabscale = 500 points/nm
Generated table with 1160 data points for 1-4 LJ6.
Tabscale = 500 points/nm
Generated table with 1160 data points for 1-4 LJ12.
Tabscale = 500 points/nm

Using SIMD 4x4 nonbonded short-range kernels

Using a dual 4x4 pair-list setup updated with dynamic pruning:
  outer list: updated every 80 steps, buffer 0.121 nm, rlist 1.321 nm
  inner list: updated every 13 steps, buffer 0.002 nm, rlist 1.202 nm
At tolerance 0.005 kJ/mol/ps per atom, equivalent classical 1x1 list would be:
  outer list: updated every 80 steps, buffer 0.264 nm, rlist 1.464 nm
  inner list: updated every 13 steps, buffer 0.052 nm, rlist 1.252 nm


Initializing LINear Constraint Solver

++++ PLEASE READ AND CITE THE FOLLOWING REFERENCE ++++
B. Hess and H. Bekker and H. J. C. Berendsen and J. G. E. M. Fraaije
LINCS: A Linear Constraint Solver for molecular simulations
J. Comp. Chem. 18 (1997) pp. 1463-1472
-------- -------- --- Thank You --- -------- --------

The number of constraints is 73

++++ PLEASE READ AND CITE THE FOLLOWING REFERENCE ++++
S. Miyamoto and P. A. Kollman
SETTLE: An Analytical Version of the SHAKE and RATTLE Algorithms for Rigid
Water Models
J. Comp. Chem. 13 (1992) pp. 952-962
-------- -------- --- Thank You --- -------- --------


Linking all bonded interactions to atoms


Intra-simulation communication will occur every 10 steps.
Center of mass motion removal mode is Linear
We have the following groups for center of mass motion removal:
  0:  rest

++++ PLEASE READ AND CITE THE FOLLOWING REFERENCE ++++
G. Bussi, D. Donadio and M. Parrinello
Canonical sampling through velocity rescaling
J. Chem. Phys. 126 (2007) pp. 014101
-------- -------- --- Thank You --- -------- --------

There are: 8931 Atoms
Atom distribution over 4 domains: av 2232 stddev 61 min 2206 max 2262

Started mdrun on rank 0 Fri May 15 10:57:55 2026

           Step           Time
              0        0.00000

   Energies (kJ/mol)
           Bond          Angle    Proper Dih.  Improper Dih.          LJ-14
    8.49966e+01    3.27221e+02    3.56450e+02    1.83333e+01    1.79560e+02
     Coulomb-14        LJ (SR)   Coulomb (SR)   Coul. recip.      Potential
    2.41692e+03    1.77836e+04   -1.40177e+05    4.17921e+02   -1.18592e+05
    Kinetic En.   Total Energy  Conserved En.    Temperature Pressure (bar)
    2.25525e+04   -9.60395e+04   -9.60340e+04    3.02155e+02   -1.05539e+02
   Constr. rmsd
    1.57426e-06


DD  step 79 load imb.: force  7.5%

step 240 Turning on dynamic load balancing, because the performance loss due to load imbalance is 3.2 %.
           Step           Time
           5000       10.00000

   Energies (kJ/mol)
           Bond          Angle    Proper Dih.  Improper Dih.          LJ-14
    1.07337e+02    2.93918e+02    3.85556e+02    1.81141e+01    1.83365e+02
     Coulomb-14        LJ (SR)   Coulomb (SR)   Coul. recip.      Potential
    2.40947e+03    1.82411e+04   -1.40598e+05    3.91772e+02   -1.18568e+05
    Kinetic En.   Total Energy  Conserved En.    Temperature Pressure (bar)
    2.20663e+04   -9.65014e+04   -9.60057e+04    2.95641e+02    3.88503e+02
   Constr. rmsd
    2.27315e-06


DD  step 9999  vol min/aver 0.977  load imb.: force  0.9%
           Step           Time
          10000       20.00000

   Energies (kJ/mol)
           Bond          Angle    Proper Dih.  Improper Dih.          LJ-14
    1.57471e+02    3.41140e+02    3.88289e+02    1.67374e+01    1.68092e+02
     Coulomb-14        LJ (SR)   Coulomb (SR)   Coul. recip.      Potential
    2.44271e+03    1.74166e+04   -1.39586e+05    4.12370e+02   -1.18243e+05
    Kinetic En.   Total Energy  Conserved En.    Temperature Pressure (bar)
    2.17310e+04   -9.65119e+04   -9.59762e+04    2.91148e+02   -4.27272e+02
   Constr. rmsd
    2.07877e-06

           Step           Time
          15000       30.00000

   Energies (kJ/mol)
           Bond          Angle    Proper Dih.  Improper Dih.          LJ-14
    1.27975e+02    3.29626e+02    3.65997e+02    1.60355e+01    1.73562e+02
     Coulomb-14        LJ (SR)   Coulomb (SR)   Coul. recip.      Potential
    2.39255e+03    1.81380e+04   -1.40429e+05    3.88954e+02   -1.18497e+05
    Kinetic En.   Total Energy  Conserved En.    Temperature Pressure (bar)
    2.22021e+04   -9.62946e+04   -9.59535e+04    2.97460e+02    1.53537e+02
   Constr. rmsd
    2.61844e-06


DD  step 19999  vol min/aver 0.984  load imb.: force  1.1%
           Step           Time
          20000       40.00000

   Energies (kJ/mol)
           Bond          Angle    Proper Dih.  Improper Dih.          LJ-14
    1.30795e+02    2.49501e+02    3.92524e+02    2.10824e+01    1.71017e+02
     Coulomb-14        LJ (SR)   Coulomb (SR)   Coul. recip.      Potential
    2.38994e+03    1.79500e+04   -1.40083e+05    3.97277e+02   -1.18381e+05
    Kinetic En.   Total Energy  Conserved En.    Temperature Pressure (bar)
    2.21593e+04   -9.62215e+04   -9.59306e+04    2.96887e+02    4.58117e+01
   Constr. rmsd
    2.77615e-06

           Step           Time
          25000       50.00000

   Energies (kJ/mol)
           Bond          Angle    Proper Dih.  Improper Dih.          LJ-14
    1.27869e+02    2.89786e+02    3.41410e+02    2.05254e+01    1.67178e+02
     Coulomb-14        LJ (SR)   Coulomb (SR)   Coul. recip.      Potential
    2.44645e+03    1.82916e+04   -1.40608e+05    4.24641e+02   -1.18498e+05
    Kinetic En.   Total Energy  Conserved En.    Temperature Pressure (bar)
    2.22715e+04   -9.62266e+04   -9.59034e+04    2.98390e+02    8.48193e+01
   Constr. rmsd
    2.10337e-06


DD  step 29999  vol min/aver 0.974  load imb.: force  1.5%
           Step           Time
          30000       60.00000

   Energies (kJ/mol)
           Bond          Angle    Proper Dih.  Improper Dih.          LJ-14
    1.33479e+02    3.12494e+02    3.48833e+02    1.71581e+01    1.71118e+02
     Coulomb-14        LJ (SR)   Coulomb (SR)   Coul. recip.      Potential
    2.38789e+03    1.83108e+04   -1.40614e+05    4.06337e+02   -1.18526e+05
    Kinetic En.   Total Energy  Conserved En.    Temperature Pressure (bar)
    2.25374e+04   -9.59889e+04   -9.58800e+04    3.01953e+02    2.90044e+02
   Constr. rmsd
    1.64390e-06

           Step           Time
          35000       70.00000

   Energies (kJ/mol)
           Bond          Angle    Proper Dih.  Improper Dih.          LJ-14
    1.84514e+02    3.27391e+02    3.80018e+02    1.90482e+01    1.59852e+02
     Coulomb-14        LJ (SR)   Coulomb (SR)   Coul. recip.      Potential
    2.38525e+03    1.76915e+04   -1.39735e+05    3.73204e+02   -1.18214e+05
    Kinetic En.   Total Energy  Conserved En.    Temperature Pressure (bar)
    2.23267e+04   -9.58877e+04   -9.58450e+04    2.99130e+02   -1.63541e+02
   Constr. rmsd
    2.28391e-06


DD  step 39999  vol min/aver 0.975  load imb.: force  2.1%
           Step           Time
          40000       80.00000

   Energies (kJ/mol)
           Bond          Angle    Proper Dih.  Improper Dih.          LJ-14
    1.64877e+02    2.38790e+02    3.84662e+02    2.14595e+01    1.63194e+02
     Coulomb-14        LJ (SR)   Coulomb (SR)   Coul. recip.      Potential
    2.48253e+03    1.81957e+04   -1.40605e+05    4.25081e+02   -1.18529e+05
    Kinetic En.   Total Energy  Conserved En.    Temperature Pressure (bar)
    2.20670e+04   -9.64615e+04   -9.58269e+04    2.95650e+02   -4.97072e+01
   Constr. rmsd
    2.65940e-06

           Step           Time
          45000       90.00000

   Energies (kJ/mol)
           Bond          Angle    Proper Dih.  Improper Dih.          LJ-14
    1.64283e+02    3.02480e+02    3.82622e+02    1.89410e+01    1.77155e+02
     Coulomb-14        LJ (SR)   Coulomb (SR)   Coul. recip.      Potential
    2.42695e+03    1.78213e+04   -1.40188e+05    4.07292e+02   -1.18487e+05
    Kinetic En.   Total Energy  Conserved En.    Temperature Pressure (bar)
    2.18544e+04   -9.66323e+04   -9.57975e+04    2.92802e+02   -1.31454e+01
   Constr. rmsd
    1.59070e-06


DD  step 49999  vol min/aver 0.987  load imb.: force  2.0%
           Step           Time
          50000      100.00000

   Energies (kJ/mol)
           Bond          Angle    Proper Dih.  Improper Dih.          LJ-14
    1.26068e+02    2.96270e+02    3.75956e+02    1.59023e+01    1.75678e+02
     Coulomb-14        LJ (SR)   Coulomb (SR)   Coul. recip.      Potential
    2.40910e+03    1.78924e+04   -1.40255e+05    3.93878e+02   -1.18570e+05
    Kinetic En.   Total Energy  Conserved En.    Temperature Pressure (bar)
    2.21329e+04   -9.64370e+04   -9.57680e+04    2.96534e+02    1.46523e+02
   Constr. rmsd
    2.67311e-06

           Step           Time
          55000      110.00000

   Energies (kJ/mol)
           Bond          Angle    Proper Dih.  Improper Dih.          LJ-14
    1.31591e+02    2.90725e+02    4.04587e+02    1.18468e+01    1.77353e+02
     Coulomb-14        LJ (SR)   Coulomb (SR)   Coul. recip.      Potential
    2.40968e+03    1.74165e+04   -1.39659e+05    4.14908e+02   -1.18401e+05
    Kinetic En.   Total Energy  Conserved En.    Temperature Pressure (bar)
    2.19930e+04   -9.64084e+04   -9.57450e+04    2.94658e+02   -3.33429e+02
   Constr. rmsd
    2.40785e-06


DD  step 59999  vol min/aver 0.985  load imb.: force  1.4%
           Step           Time
          60000      120.00000

   Energies (kJ/mol)
           Bond          Angle    Proper Dih.  Improper Dih.          LJ-14
    1.66944e+02    2.60553e+02    3.81768e+02    2.35095e+01    1.72428e+02
     Coulomb-14        LJ (SR)   Coulomb (SR)   Coul. recip.      Potential
    2.39130e+03    1.70469e+04   -1.39305e+05    3.93523e+02   -1.18469e+05
    Kinetic En.   Total Energy  Conserved En.    Temperature Pressure (bar)
    2.25982e+04   -9.58703e+04   -9.57287e+04    3.02767e+02   -5.59093e+02
   Constr. rmsd
    3.16559e-06

           Step           Time
          65000      130.00000

   Energies (kJ/mol)
           Bond          Angle    Proper Dih.  Improper Dih.          LJ-14
    1.52345e+02    2.67412e+02    3.75428e+02    1.91619e+01    1.77716e+02
     Coulomb-14        LJ (SR)   Coulomb (SR)   Coul. recip.      Potential
    2.41495e+03    1.78975e+04   -1.40506e+05    4.03533e+02   -1.18798e+05
    Kinetic En.   Total Energy  Conserved En.    Temperature Pressure (bar)
    2.18134e+04   -9.69848e+04   -9.57006e+04    2.92252e+02   -1.59461e+02
   Constr. rmsd
    2.19315e-06


DD  step 69999  vol min/aver 0.978  load imb.: force  1.3%
           Step           Time
          70000      140.00000

   Energies (kJ/mol)
           Bond          Angle    Proper Dih.  Improper Dih.          LJ-14
    1.07266e+02    2.90564e+02    4.00028e+02    2.37925e+01    1.85773e+02
     Coulomb-14        LJ (SR)   Coulomb (SR)   Coul. recip.      Potential
    2.38974e+03    1.83347e+04   -1.40931e+05    3.74277e+02   -1.18825e+05
    Kinetic En.   Total Energy  Conserved En.    Temperature Pressure (bar)
    2.17665e+04   -9.70582e+04   -9.56683e+04    2.91624e+02    2.62173e+02
   Constr. rmsd
    2.34509e-06

           Step           Time
          75000      150.00000

   Energies (kJ/mol)
           Bond          Angle    Proper Dih.  Improper Dih.          LJ-14
    1.32752e+02    3.46609e+02    3.66447e+02    2.55601e+01    1.61637e+02
     Coulomb-14        LJ (SR)   Coulomb (SR)   Coul. recip.      Potential
    2.39104e+03    1.82444e+04   -1.41118e+05    3.99743e+02   -1.19049e+05
    Kinetic En.   Total Energy  Conserved En.    Temperature Pressure (bar)
    2.25144e+04   -9.65349e+04   -9.56383e+04    3.01645e+02    2.01057e+02
   Constr. rmsd
    2.54484e-06


step 75200 Turning off dynamic load balancing, because it is degrading performance.
Atom distribution over 4 domains: av 2232 stddev 60 min 2214 max 2253

DD  step 79999 load imb.: force  3.5%
           Step           Time
          80000      160.00000

   Energies (kJ/mol)
           Bond          Angle    Proper Dih.  Improper Dih.          LJ-14
    1.14865e+02    3.15152e+02    3.52901e+02    2.26555e+01    1.75480e+02
     Coulomb-14        LJ (SR)   Coulomb (SR)   Coul. recip.      Potential
    2.41794e+03    1.72183e+04   -1.39363e+05    4.02727e+02   -1.18343e+05
    Kinetic En.   Total Energy  Conserved En.    Temperature Pressure (bar)
    2.19600e+04   -9.63826e+04   -9.56137e+04    2.94217e+02   -2.48913e+02
   Constr. rmsd
    1.48460e-06

           Step           Time
          85000      170.00000

   Energies (kJ/mol)
           Bond          Angle    Proper Dih.  Improper Dih.          LJ-14
    1.35719e+02    2.72296e+02    3.52899e+02    2.31723e+01    1.78014e+02
     Coulomb-14        LJ (SR)   Coulomb (SR)   Coul. recip.      Potential
    2.42755e+03    1.86220e+04   -1.41215e+05    3.99989e+02   -1.18803e+05
    Kinetic En.   Total Energy  Conserved En.    Temperature Pressure (bar)
    2.17748e+04   -9.70283e+04   -9.55839e+04    2.91735e+02    4.65080e+02
   Constr. rmsd
    3.15871e-06


DD  step 89999 load imb.: force  1.3%
           Step           Time
          90000      180.00000

   Energies (kJ/mol)
           Bond          Angle    Proper Dih.  Improper Dih.          LJ-14
    1.87466e+02    3.08824e+02    3.44053e+02    1.67248e+01    1.54922e+02
     Coulomb-14        LJ (SR)   Coulomb (SR)   Coul. recip.      Potential
    2.37646e+03    1.75737e+04   -1.39353e+05    4.17543e+02   -1.17974e+05
    Kinetic En.   Total Energy  Conserved En.    Temperature Pressure (bar)
    2.19098e+04   -9.60638e+04   -9.55591e+04    2.93544e+02   -3.48410e+02
   Constr. rmsd
    2.91708e-06

           Step           Time
          95000      190.00000

   Energies (kJ/mol)
           Bond          Angle    Proper Dih.  Improper Dih.          LJ-14
    1.16694e+02    3.32671e+02    3.42896e+02    1.84682e+01    1.67645e+02
     Coulomb-14        LJ (SR)   Coulomb (SR)   Coul. recip.      Potential
    2.40485e+03    1.70986e+04   -1.39245e+05    3.83174e+02   -1.18380e+05
    Kinetic En.   Total Energy  Conserved En.    Temperature Pressure (bar)
    2.25013e+04   -9.58788e+04   -9.55430e+04    3.01469e+02   -4.88893e+02
   Constr. rmsd
    3.70875e-06


DD  step 99999 load imb.: force  1.5%
           Step           Time
         100000      200.00000

   Energies (kJ/mol)
           Bond          Angle    Proper Dih.  Improper Dih.          LJ-14
    1.27085e+02    3.22718e+02    3.94566e+02    1.96926e+01    1.78693e+02
     Coulomb-14        LJ (SR)   Coulomb (SR)   Coul. recip.      Potential
    2.39706e+03    1.82980e+04   -1.39955e+05    3.95189e+02   -1.17822e+05
    Kinetic En.   Total Energy  Conserved En.    Temperature Pressure (bar)
    2.23040e+04   -9.55176e+04   -9.55080e+04    2.98826e+02    2.68440e+02
   Constr. rmsd
    1.81774e-06

           Step           Time
         105000      210.00000

   Energies (kJ/mol)
           Bond          Angle    Proper Dih.  Improper Dih.          LJ-14
    9.72442e+01    3.19769e+02    4.00508e+02    2.13827e+01    1.73854e+02
     Coulomb-14        LJ (SR)   Coulomb (SR)   Coul. recip.      Potential
    2.35129e+03    1.79371e+04   -1.40320e+05    3.88924e+02   -1.18630e+05
    Kinetic En.   Total Energy  Conserved En.    Temperature Pressure (bar)
    2.23531e+04   -9.62765e+04   -9.54916e+04    2.99483e+02    6.68650e-01
   Constr. rmsd
    1.83114e-06


DD  step 109999 load imb.: force  1.4%
           Step           Time
         110000      220.00000

   Energies (kJ/mol)
           Bond          Angle    Proper Dih.  Improper Dih.          LJ-14
    1.57973e+02    2.86546e+02    3.85068e+02    1.56795e+01    1.80738e+02
     Coulomb-14        LJ (SR)   Coulomb (SR)   Coul. recip.      Potential
    2.43653e+03    1.74596e+04   -1.39262e+05    3.90228e+02   -1.17950e+05
    Kinetic En.   Total Energy  Conserved En.    Temperature Pressure (bar)
    2.23920e+04   -9.55578e+04   -9.54510e+04    3.00004e+02   -2.94835e+01
   Constr. rmsd
    2.19518e-06

           Step           Time
         115000      230.00000

   Energies (kJ/mol)
           Bond          Angle    Proper Dih.  Improper Dih.          LJ-14
    1.26154e+02    2.99135e+02    3.83767e+02    2.35898e+01    1.80506e+02
     Coulomb-14        LJ (SR)   Coulomb (SR)   Coul. recip.      Potential
    2.43674e+03    1.78829e+04   -1.40595e+05    4.14468e+02   -1.18847e+05
    Kinetic En.   Total Energy  Conserved En.    Temperature Pressure (bar)
    2.21447e+04   -9.67028e+04   -9.54256e+04    2.96691e+02   -4.68806e+01
   Constr. rmsd
    2.03250e-06


DD  step 119999 load imb.: force  1.4%
           Step           Time
         120000      240.00000

   Energies (kJ/mol)
           Bond          Angle    Proper Dih.  Improper Dih.          LJ-14
    1.12347e+02    2.80185e+02    3.65528e+02    1.90612e+01    1.73109e+02
     Coulomb-14        LJ (SR)   Coulomb (SR)   Coul. recip.      Potential
    2.42031e+03    1.78763e+04   -1.40406e+05    4.11028e+02   -1.18748e+05
    Kinetic En.   Total Energy  Conserved En.    Temperature Pressure (bar)
    2.21677e+04   -9.65803e+04   -9.54130e+04    2.96999e+02    5.98958e+00
   Constr. rmsd
    1.45480e-06

           Step           Time
         125000      250.00000

   Energies (kJ/mol)
           Bond          Angle    Proper Dih.  Improper Dih.          LJ-14
    1.26499e+02    2.97309e+02    3.56239e+02    2.10243e+01    1.94359e+02
     Coulomb-14        LJ (SR)   Coulomb (SR)   Coul. recip.      Potential
    2.43155e+03    1.76151e+04   -1.39749e+05    4.37147e+02   -1.18269e+05
    Kinetic En.   Total Energy  Conserved En.    Temperature Pressure (bar)
    2.23713e+04   -9.58981e+04   -9.53880e+04    2.99727e+02   -5.98228e+01
   Constr. rmsd
    2.81757e-06


DD  step 129999 load imb.: force  4.5%
           Step           Time
         130000      260.00000

   Energies (kJ/mol)
           Bond          Angle    Proper Dih.  Improper Dih.          LJ-14
    1.09785e+02    3.11933e+02    3.75971e+02    1.18617e+01    1.72987e+02
     Coulomb-14        LJ (SR)   Coulomb (SR)   Coul. recip.      Potential
    2.38654e+03    1.79727e+04   -1.40729e+05    3.79740e+02   -1.19008e+05
    Kinetic En.   Total Energy  Conserved En.    Temperature Pressure (bar)
    2.23074e+04   -9.67004e+04   -9.53609e+04    2.98871e+02   -7.50466e+00
   Constr. rmsd
    1.27174e-06

           Step           Time
         135000      270.00000

   Energies (kJ/mol)
           Bond          Angle    Proper Dih.  Improper Dih.          LJ-14
    1.11735e+02    2.92036e+02    3.94287e+02    1.86651e+01    1.81364e+02
     Coulomb-14        LJ (SR)   Coulomb (SR)   Coul. recip.      Potential
    2.39336e+03    1.78333e+04   -1.40161e+05    3.97165e+02   -1.18539e+05
    Kinetic En.   Total Energy  Conserved En.    Temperature Pressure (bar)
    2.25313e+04   -9.60074e+04   -9.53409e+04    3.01871e+02    7.28366e+01
   Constr. rmsd
    1.69773e-06


DD  step 139999 load imb.: force  1.5%
           Step           Time
         140000      280.00000

   Energies (kJ/mol)
           Bond          Angle    Proper Dih.  Improper Dih.          LJ-14
    1.48349e+02    3.10501e+02    3.89972e+02    1.17715e+01    1.72691e+02
     Coulomb-14        LJ (SR)   Coulomb (SR)   Coul. recip.      Potential
    2.35706e+03    1.76525e+04   -1.39653e+05    3.99164e+02   -1.18211e+05
    Kinetic En.   Total Energy  Conserved En.    Temperature Pressure (bar)
    2.24088e+04   -9.58025e+04   -9.53089e+04    3.00229e+02   -1.45607e+02
   Constr. rmsd
    3.05595e-06

           Step           Time
         145000      290.00000

   Energies (kJ/mol)
           Bond          Angle    Proper Dih.  Improper Dih.          LJ-14
    9.96182e+01    2.98573e+02    3.89943e+02    2.04096e+01    1.93898e+02
     Coulomb-14        LJ (SR)   Coulomb (SR)   Coul. recip.      Potential
    2.43041e+03    1.78517e+04   -1.39851e+05    4.25451e+02   -1.18141e+05
    Kinetic En.   Total Energy  Conserved En.    Temperature Pressure (bar)
    2.23668e+04   -9.57742e+04   -9.52781e+04    2.99666e+02   -2.73535e+01
   Constr. rmsd
    1.31610e-06


DD  step 149999 load imb.: force  3.8%
           Step           Time
         150000      300.00000

   Energies (kJ/mol)
           Bond          Angle    Proper Dih.  Improper Dih.          LJ-14
    1.79084e+02    2.91252e+02    4.17095e+02    2.39838e+01    1.65153e+02
     Coulomb-14        LJ (SR)   Coulomb (SR)   Coul. recip.      Potential
    2.39445e+03    1.70669e+04   -1.39252e+05    3.98787e+02   -1.18315e+05
    Kinetic En.   Total Energy  Conserved En.    Temperature Pressure (bar)
    2.25547e+04   -9.57608e+04   -9.52509e+04    3.02184e+02   -5.74946e+02
   Constr. rmsd
    3.05914e-06

           Step           Time
         155000      310.00000

   Energies (kJ/mol)
           Bond          Angle    Proper Dih.  Improper Dih.          LJ-14
    1.31629e+02    2.99699e+02    3.74867e+02    1.31103e+01    1.76025e+02
     Coulomb-14        LJ (SR)   Coulomb (SR)   Coul. recip.      Potential
    2.41109e+03    1.80401e+04   -1.40352e+05    4.18436e+02   -1.18488e+05
    Kinetic En.   Total Energy  Conserved En.    Temperature Pressure (bar)
    2.23090e+04   -9.61785e+04   -9.52181e+04    2.98893e+02    2.38654e+00
   Constr. rmsd
    2.92255e-06


DD  step 159999 load imb.: force  2.2%
           Step           Time
         160000      320.00000

   Energies (kJ/mol)
           Bond          Angle    Proper Dih.  Improper Dih.          LJ-14
    1.09416e+02    3.23491e+02    3.76133e+02    1.80784e+01    1.78811e+02
     Coulomb-14        LJ (SR)   Coulomb (SR)   Coul. recip.      Potential
    2.40143e+03    1.71829e+04   -1.39373e+05    4.08234e+02   -1.18375e+05
    Kinetic En.   Total Energy  Conserved En.    Temperature Pressure (bar)
    2.23359e+04   -9.60389e+04   -9.52000e+04    2.99253e+02   -3.93169e+02
   Constr. rmsd
    2.50853e-06

           Step           Time
         165000      330.00000

   Energies (kJ/mol)
           Bond          Angle    Proper Dih.  Improper Dih.          LJ-14
    1.08018e+02    3.04923e+02    3.58631e+02    1.73469e+01    1.75882e+02
     Coulomb-14        LJ (SR)   Coulomb (SR)   Coul. recip.      Potential
    2.39704e+03    1.79617e+04   -1.39887e+05    4.26736e+02   -1.18137e+05
    Kinetic En.   Total Energy  Conserved En.    Temperature Pressure (bar)
    2.20620e+04   -9.60749e+04   -9.51694e+04    2.95583e+02   -2.07225e+01
   Constr. rmsd
    1.67522e-06


DD  step 169999 load imb.: force  2.1%
           Step           Time
         170000      340.00000

   Energies (kJ/mol)
           Bond          Angle    Proper Dih.  Improper Dih.          LJ-14
    1.27349e+02    2.80870e+02    3.81573e+02    3.23595e+01    1.83351e+02
     Coulomb-14        LJ (SR)   Coulomb (SR)   Coul. recip.      Potential
    2.41581e+03    1.69294e+04   -1.38943e+05    3.94166e+02   -1.18198e+05
    Kinetic En.   Total Energy  Conserved En.    Temperature Pressure (bar)
    2.24281e+04   -9.57699e+04   -9.51555e+04    3.00488e+02   -6.50060e+02
   Constr. rmsd
    1.45039e-06

           Step           Time
         175000      350.00000

   Energies (kJ/mol)
           Bond          Angle    Proper Dih.  Improper Dih.          LJ-14
    1.35794e+02    2.74442e+02    3.77699e+02    1.72246e+01    1.91330e+02
     Coulomb-14        LJ (SR)   Coulomb (SR)   Coul. recip.      Potential
    2.39126e+03    1.78698e+04   -1.39370e+05    3.97442e+02   -1.17715e+05
    Kinetic En.   Total Energy  Conserved En.    Temperature Pressure (bar)
    2.21362e+04   -9.55791e+04   -9.51242e+04    2.96577e+02   -8.03221e+01
   Constr. rmsd
    1.63807e-06


DD  step 179999 load imb.: force  4.8%
           Step           Time
         180000      360.00000

   Energies (kJ/mol)
           Bond          Angle    Proper Dih.  Improper Dih.          LJ-14
    1.52247e+02    3.38353e+02    4.02058e+02    2.87678e+01    1.77783e+02
     Coulomb-14        LJ (SR)   Coulomb (SR)   Coul. recip.      Potential
    2.38522e+03    1.75977e+04   -1.40025e+05    4.04893e+02   -1.18538e+05
    Kinetic En.   Total Energy  Conserved En.    Temperature Pressure (bar)
    2.28067e+04   -9.57309e+04   -9.50977e+04    3.05560e+02   -1.33297e+02
   Constr. rmsd
    2.41213e-06

           Step           Time
         185000      370.00000

   Energies (kJ/mol)
           Bond          Angle    Proper Dih.  Improper Dih.          LJ-14
    1.58795e+02    3.03623e+02    3.67617e+02    2.01327e+01    1.79594e+02
     Coulomb-14        LJ (SR)   Coulomb (SR)   Coul. recip.      Potential
    2.45779e+03    1.75211e+04   -1.40056e+05    4.01994e+02   -1.18646e+05
    Kinetic En.   Total Energy  Conserved En.    Temperature Pressure (bar)
    2.26119e+04   -9.60338e+04   -9.50706e+04    3.02950e+02   -2.93644e+02
   Constr. rmsd
    2.08544e-06


DD  step 189999 load imb.: force  3.1%
           Step           Time
         190000      380.00000

   Energies (kJ/mol)
           Bond          Angle    Proper Dih.  Improper Dih.          LJ-14
    1.39105e+02    3.07289e+02    3.67248e+02    1.85264e+01    1.81525e+02
     Coulomb-14        LJ (SR)   Coulomb (SR)   Coul. recip.      Potential
    2.45237e+03    1.82903e+04   -1.40292e+05    4.09961e+02   -1.18125e+05
    Kinetic En.   Total Energy  Conserved En.    Temperature Pressure (bar)
    2.22608e+04   -9.58646e+04   -9.50377e+04    2.98246e+02    8.89861e+01
   Constr. rmsd
    2.63820e-06

           Step           Time
         195000      390.00000

   Energies (kJ/mol)
           Bond          Angle    Proper Dih.  Improper Dih.          LJ-14
    1.41779e+02    3.03910e+02    3.59594e+02    2.08394e+01    1.86205e+02
     Coulomb-14        LJ (SR)   Coulomb (SR)   Coul. recip.      Potential
    2.45406e+03    1.77578e+04   -1.40399e+05    4.02668e+02   -1.18772e+05
    Kinetic En.   Total Energy  Conserved En.    Temperature Pressure (bar)
    2.17666e+04   -9.70054e+04   -9.50120e+04    2.91625e+02   -6.35920e+01
   Constr. rmsd
    2.89815e-06


DD  step 199999 load imb.: force  2.2%
           Step           Time
         200000      400.00000

   Energies (kJ/mol)
           Bond          Angle    Proper Dih.  Improper Dih.          LJ-14
    1.51312e+02    3.12551e+02    3.69794e+02    1.57618e+01    1.80769e+02
     Coulomb-14        LJ (SR)   Coulomb (SR)   Coul. recip.      Potential
    2.39553e+03    1.83649e+04   -1.40771e+05    4.08675e+02   -1.18572e+05
    Kinetic En.   Total Energy  Conserved En.    Temperature Pressure (bar)
    2.22020e+04   -9.63700e+04   -9.49931e+04    2.97458e+02    2.38573e+02
   Constr. rmsd
    1.62315e-06

           Step           Time
         205000      410.00000

   Energies (kJ/mol)
           Bond          Angle    Proper Dih.  Improper Dih.          LJ-14
    1.27099e+02    3.36355e+02    4.17091e+02    1.30696e+01    1.87479e+02
     Coulomb-14        LJ (SR)   Coulomb (SR)   Coul. recip.      Potential
    2.45096e+03    1.76661e+04   -1.39411e+05    3.77989e+02   -1.17835e+05
    Kinetic En.   Total Energy  Conserved En.    Temperature Pressure (bar)
    2.23299e+04   -9.55047e+04   -9.49582e+04    2.99172e+02    2.46379e+02
   Constr. rmsd
    2.10266e-06


DD  step 209999 load imb.: force  2.9%
           Step           Time
         210000      420.00000

   Energies (kJ/mol)
           Bond          Angle    Proper Dih.  Improper Dih.          LJ-14
    1.37891e+02    3.10728e+02    3.73484e+02    2.88644e+01    1.80560e+02
     Coulomb-14        LJ (SR)   Coulomb (SR)   Coul. recip.      Potential
    2.43371e+03    1.77414e+04   -1.39583e+05    4.04495e+02   -1.17972e+05
    Kinetic En.   Total Energy  Conserved En.    Temperature Pressure (bar)
    2.23993e+04   -9.55725e+04   -9.49357e+04    3.00103e+02   -1.13117e+02
   Constr. rmsd
    2.55017e-06

           Step           Time
         215000      430.00000

   Energies (kJ/mol)
           Bond          Angle    Proper Dih.  Improper Dih.          LJ-14
    1.37508e+02    2.88943e+02    3.94022e+02    1.81188e+01    1.62923e+02
     Coulomb-14        LJ (SR)   Coulomb (SR)   Coul. recip.      Potential
    2.39019e+03    1.77098e+04   -1.40192e+05    3.70167e+02   -1.18721e+05
    Kinetic En.   Total Energy  Conserved En.    Temperature Pressure (bar)
    2.22457e+04   -9.64749e+04   -9.49131e+04    2.98044e+02   -2.95408e+02
   Constr. rmsd
    2.27671e-06


DD  step 219999 load imb.: force  1.9%
           Step           Time
         220000      440.00000

   Energies (kJ/mol)
           Bond          Angle    Proper Dih.  Improper Dih.          LJ-14
    1.26606e+02    2.54008e+02    3.81252e+02    2.45212e+01    1.73716e+02
     Coulomb-14        LJ (SR)   Coulomb (SR)   Coul. recip.      Potential
    2.43164e+03    1.81615e+04   -1.40504e+05    4.31315e+02   -1.18520e+05
    Kinetic En.   Total Energy  Conserved En.    Temperature Pressure (bar)
    2.22270e+04   -9.62925e+04   -9.48825e+04    2.97794e+02    6.87397e+01
   Constr. rmsd
    2.48444e-06

           Step           Time
         225000      450.00000

   Energies (kJ/mol)
           Bond          Angle    Proper Dih.  Improper Dih.          LJ-14
    1.87335e+02    2.75545e+02    3.67133e+02    1.87561e+01    1.78971e+02
     Coulomb-14        LJ (SR)   Coulomb (SR)   Coul. recip.      Potential
    2.41852e+03    1.76013e+04   -1.39546e+05    3.87786e+02   -1.18110e+05
    Kinetic En.   Total Energy  Conserved En.    Temperature Pressure (bar)
    2.22203e+04   -9.58902e+04   -9.48596e+04    2.97704e+02   -1.59638e+02
   Constr. rmsd
    2.57483e-06


DD  step 229999 load imb.: force  2.7%
           Step           Time
         230000      460.00000

   Energies (kJ/mol)
           Bond          Angle    Proper Dih.  Improper Dih.          LJ-14
    1.58555e+02    3.15683e+02    3.55191e+02    1.71087e+01    1.80823e+02
     Coulomb-14        LJ (SR)   Coulomb (SR)   Coul. recip.      Potential
    2.36307e+03    1.75653e+04   -1.39580e+05    3.96541e+02   -1.18228e+05
    Kinetic En.   Total Energy  Conserved En.    Temperature Pressure (bar)
    2.27290e+04   -9.54988e+04   -9.48386e+04    3.04519e+02   -1.64362e+02
   Constr. rmsd
    2.42317e-06

           Step           Time
         235000      470.00000

   Energies (kJ/mol)
           Bond          Angle    Proper Dih.  Improper Dih.          LJ-14
    1.25753e+02    2.92934e+02    3.93908e+02    2.83848e+01    1.79136e+02
     Coulomb-14        LJ (SR)   Coulomb (SR)   Coul. recip.      Potential
    2.45322e+03    1.72473e+04   -1.39606e+05    3.94714e+02   -1.18491e+05
    Kinetic En.   Total Energy  Conserved En.    Temperature Pressure (bar)
    2.23667e+04   -9.61243e+04   -9.48031e+04    2.99665e+02   -3.78828e+02
   Constr. rmsd
    1.36619e-06


DD  step 239999 load imb.: force  2.9%
           Step           Time
         240000      480.00000

   Energies (kJ/mol)
           Bond          Angle    Proper Dih.  Improper Dih.          LJ-14
    1.34254e+02    2.99260e+02    3.74438e+02    1.75585e+01    1.77454e+02
     Coulomb-14        LJ (SR)   Coulomb (SR)   Coul. recip.      Potential
    2.44092e+03    1.79386e+04   -1.40412e+05    4.17581e+02   -1.18612e+05
    Kinetic En.   Total Energy  Conserved En.    Temperature Pressure (bar)
    2.21142e+04   -9.64977e+04   -9.47761e+04    2.96282e+02   -1.17148e+01
   Constr. rmsd
    2.34369e-06

           Step           Time
         245000      490.00000

   Energies (kJ/mol)
           Bond          Angle    Proper Dih.  Improper Dih.          LJ-14
    1.08587e+02    2.74418e+02    3.40959e+02    1.50188e+01    1.79681e+02
     Coulomb-14        LJ (SR)   Coulomb (SR)   Coul. recip.      Potential
    2.45509e+03    1.85170e+04   -1.41246e+05    4.21065e+02   -1.18934e+05
    Kinetic En.   Total Energy  Conserved En.    Temperature Pressure (bar)
    2.25788e+04   -9.63553e+04   -9.47587e+04    3.02507e+02    4.10026e+02
   Constr. rmsd
    2.93766e-06


DD  step 249999 load imb.: force  3.2%
           Step           Time
         250000      500.00000

   Energies (kJ/mol)
           Bond          Angle    Proper Dih.  Improper Dih.          LJ-14
    1.41351e+02    3.02680e+02    3.65625e+02    1.96826e+01    1.69517e+02
     Coulomb-14        LJ (SR)   Coulomb (SR)   Coul. recip.      Potential
    2.42810e+03    1.77583e+04   -1.39551e+05    3.89076e+02   -1.17977e+05
    Kinetic En.   Total Energy  Conserved En.    Temperature Pressure (bar)
    2.25736e+04   -9.54035e+04   -9.47257e+04    3.02437e+02   -3.77217e+01
   Constr. rmsd
    1.51052e-06

           Step           Time
         255000      510.00000

   Energies (kJ/mol)
           Bond          Angle    Proper Dih.  Improper Dih.          LJ-14
    1.70614e+02    2.87102e+02    3.73067e+02    2.66467e+01    1.78673e+02
     Coulomb-14        LJ (SR)   Coulomb (SR)   Coul. recip.      Potential
    2.43433e+03    1.78346e+04   -1.39168e+05    4.30012e+02   -1.17433e+05
    Kinetic En.   Total Energy  Conserved En.    Temperature Pressure (bar)
    2.23918e+04   -9.50414e+04   -9.46990e+04    3.00002e+02    1.69195e+02
   Constr. rmsd
    2.33632e-06


DD  step 259999 load imb.: force  3.8%
           Step           Time
         260000      520.00000

   Energies (kJ/mol)
           Bond          Angle    Proper Dih.  Improper Dih.          LJ-14
    1.27808e+02    3.17773e+02    3.67401e+02    1.82317e+01    1.75393e+02
     Coulomb-14        LJ (SR)   Coulomb (SR)   Coul. recip.      Potential
    2.37216e+03    1.81453e+04   -1.40504e+05    4.09775e+02   -1.18570e+05
    Kinetic En.   Total Energy  Conserved En.    Temperature Pressure (bar)
    2.20966e+04   -9.64731e+04   -9.46693e+04    2.96046e+02    2.06340e+02
   Constr. rmsd
    2.08175e-06

           Step           Time
         265000      530.00000

   Energies (kJ/mol)
           Bond          Angle    Proper Dih.  Improper Dih.          LJ-14
    1.21039e+02    2.62871e+02    3.72389e+02    9.71636e+00    1.63151e+02
     Coulomb-14        LJ (SR)   Coulomb (SR)   Coul. recip.      Potential
    2.39291e+03    1.80501e+04   -1.40630e+05    3.94704e+02   -1.18863e+05
    Kinetic En.   Total Energy  Conserved En.    Temperature Pressure (bar)
    2.23169e+04   -9.65459e+04   -9.46458e+04    2.98998e+02   -1.44330e+01
   Constr. rmsd
    1.46119e-06


DD  step 269999 load imb.: force  2.8%
           Step           Time
         270000      540.00000

   Energies (kJ/mol)
           Bond          Angle    Proper Dih.  Improper Dih.          LJ-14
    1.16675e+02    2.90967e+02    3.81028e+02    1.54040e+01    1.88123e+02
     Coulomb-14        LJ (SR)   Coulomb (SR)   Coul. recip.      Potential
    2.43390e+03    1.77867e+04   -1.40003e+05    4.04664e+02   -1.18386e+05
    Kinetic En.   Total Energy  Conserved En.    Temperature Pressure (bar)
    2.19500e+04   -9.64359e+04   -9.46175e+04    2.94083e+02    1.81195e+02
   Constr. rmsd
    1.78909e-06

           Step           Time
         275000      550.00000

   Energies (kJ/mol)
           Bond          Angle    Proper Dih.  Improper Dih.          LJ-14
    1.04136e+02    3.19481e+02    3.78332e+02    1.52245e+01    1.64898e+02
     Coulomb-14        LJ (SR)   Coulomb (SR)   Coul. recip.      Potential
    2.41648e+03    1.76641e+04   -1.40003e+05    3.93151e+02   -1.18547e+05
    Kinetic En.   Total Energy  Conserved En.    Temperature Pressure (bar)
    2.23420e+04   -9.62054e+04   -9.45976e+04    2.99335e+02   -2.76223e+02
   Constr. rmsd
    2.26623e-06


DD  step 279999 load imb.: force  2.9%
           Step           Time
         280000      560.00000

   Energies (kJ/mol)
           Bond          Angle    Proper Dih.  Improper Dih.          LJ-14
    1.21840e+02    3.26209e+02    3.83022e+02    1.77280e+01    1.76187e+02
     Coulomb-14        LJ (SR)   Coulomb (SR)   Coul. recip.      Potential
    2.43437e+03    1.78729e+04   -1.40012e+05    4.25597e+02   -1.18254e+05
    Kinetic En.   Total Energy  Conserved En.    Temperature Pressure (bar)
    2.18352e+04   -9.64186e+04   -9.45590e+04    2.92545e+02   -1.36130e+02
   Constr. rmsd
    1.42135e-06

           Step           Time
         285000      570.00000

   Energies (kJ/mol)
           Bond          Angle    Proper Dih.  Improper Dih.          LJ-14
    1.11826e+02    3.02440e+02    3.67170e+02    2.38066e+01    1.84327e+02
     Coulomb-14        LJ (SR)   Coulomb (SR)   Coul. recip.      Potential
    2.40533e+03    1.81503e+04   -1.40323e+05    3.98243e+02   -1.18380e+05
    Kinetic En.   Total Energy  Conserved En.    Temperature Pressure (bar)
    2.23496e+04   -9.60302e+04   -9.45430e+04    2.99437e+02    2.05275e+02
   Constr. rmsd
    1.63529e-06


DD  step 289999 load imb.: force  1.2%
           Step           Time
         290000      580.00000

   Energies (kJ/mol)
           Bond          Angle    Proper Dih.  Improper Dih.          LJ-14
    1.24062e+02    2.91560e+02    3.71639e+02    2.38323e+01    1.89115e+02
     Coulomb-14        LJ (SR)   Coulomb (SR)   Coul. recip.      Potential
    2.41515e+03    1.78017e+04   -1.40518e+05    3.98611e+02   -1.18902e+05
    Kinetic En.   Total Energy  Conserved En.    Temperature Pressure (bar)
    2.20508e+04   -9.68511e+04   -9.45081e+04    2.95433e+02   -1.65356e+02
   Constr. rmsd
    1.46237e-06

           Step           Time
         295000      590.00000

   Energies (kJ/mol)
           Bond          Angle    Proper Dih.  Improper Dih.          LJ-14
    1.48799e+02    3.42032e+02    4.12667e+02    2.70145e+01    1.73665e+02
     Coulomb-14        LJ (SR)   Coulomb (SR)   Coul. recip.      Potential
    2.36356e+03    1.78479e+04   -1.40024e+05    4.30948e+02   -1.18277e+05
    Kinetic En.   Total Energy  Conserved En.    Temperature Pressure (bar)
    2.25912e+04   -9.56862e+04   -9.44818e+04    3.02673e+02   -7.64688e+01
   Constr. rmsd
    1.69932e-06


DD  step 299999 load imb.: force  3.8%
           Step           Time
         300000      600.00000

   Energies (kJ/mol)
           Bond          Angle    Proper Dih.  Improper Dih.          LJ-14
    1.34065e+02    3.19221e+02    3.72022e+02    1.98079e+01    1.73477e+02
     Coulomb-14        LJ (SR)   Coulomb (SR)   Coul. recip.      Potential
    2.40904e+03    1.78077e+04   -1.39880e+05    4.06711e+02   -1.18238e+05
    Kinetic En.   Total Energy  Conserved En.    Temperature Pressure (bar)
    2.21223e+04   -9.61158e+04   -9.44596e+04    2.96391e+02   -2.83113e+02
   Constr. rmsd
    2.27332e-06

           Step           Time
         305000      610.00000

   Energies (kJ/mol)
           Bond          Angle    Proper Dih.  Improper Dih.          LJ-14
    1.16814e+02    2.96097e+02    3.78212e+02    1.29764e+01    1.96345e+02
     Coulomb-14        LJ (SR)   Coulomb (SR)   Coul. recip.      Potential
    2.45771e+03    1.81757e+04   -1.40553e+05    3.68657e+02   -1.18550e+05
    Kinetic En.   Total Energy  Conserved En.    Temperature Pressure (bar)
    2.25392e+04   -9.60113e+04   -9.44307e+04    3.01977e+02    2.70012e+02
   Constr. rmsd
    1.72001e-06


DD  step 309999 load imb.: force  3.7%
           Step           Time
         310000      620.00000

   Energies (kJ/mol)
           Bond          Angle    Proper Dih.  Improper Dih.          LJ-14
    1.46834e+02    3.64837e+02    3.81188e+02    1.06359e+01    1.94360e+02
     Coulomb-14        LJ (SR)   Coulomb (SR)   Coul. recip.      Potential
    2.37474e+03    1.78795e+04   -1.40409e+05    4.05097e+02   -1.18652e+05
    Kinetic En.   Total Energy  Conserved En.    Temperature Pressure (bar)
    2.18848e+04   -9.67668e+04   -9.43972e+04    2.93209e+02    7.37076e+01
   Constr. rmsd
    2.43345e-06

           Step           Time
         315000      630.00000

   Energies (kJ/mol)
           Bond          Angle    Proper Dih.  Improper Dih.          LJ-14
    1.46281e+02    3.25816e+02    3.83973e+02    1.82576e+01    1.87523e+02
     Coulomb-14        LJ (SR)   Coulomb (SR)   Coul. recip.      Potential
    2.41418e+03    1.82275e+04   -1.40576e+05    4.09258e+02   -1.18463e+05
    Kinetic En.   Total Energy  Conserved En.    Temperature Pressure (bar)
    2.23138e+04   -9.61491e+04   -9.43674e+04    2.98956e+02    2.57605e+02
   Constr. rmsd
    1.36527e-06


DD  step 319999 load imb.: force  3.8%
           Step           Time
         320000      640.00000

   Energies (kJ/mol)
           Bond          Angle    Proper Dih.  Improper Dih.          LJ-14
    1.52431e+02    2.55473e+02    3.85094e+02    2.97598e+01    1.57530e+02
     Coulomb-14        LJ (SR)   Coulomb (SR)   Coul. recip.      Potential
    2.37794e+03    1.81064e+04   -1.39862e+05    4.18274e+02   -1.17979e+05
    Kinetic En.   Total Energy  Conserved En.    Temperature Pressure (bar)
    2.21948e+04   -9.57840e+04   -9.43464e+04    2.97362e+02    1.32657e+02
   Constr. rmsd
    1.47264e-06

           Step           Time
         325000      650.00000

   Energies (kJ/mol)
           Bond          Angle    Proper Dih.  Improper Dih.          LJ-14
    1.40410e+02    2.73242e+02    3.83380e+02    1.68596e+01    1.67538e+02
     Coulomb-14        LJ (SR)   Coulomb (SR)   Coul. recip.      Potential
    2.42758e+03    1.82631e+04   -1.40448e+05    3.97686e+02   -1.18378e+05
    Kinetic En.   Total Energy  Conserved En.    Temperature Pressure (bar)
    2.23955e+04   -9.59823e+04   -9.43206e+04    3.00051e+02    2.61763e+02
   Constr. rmsd
    3.25885e-06


DD  step 329999 load imb.: force  3.6%
           Step           Time
         330000      660.00000

   Energies (kJ/mol)
           Bond          Angle    Proper Dih.  Improper Dih.          LJ-14
    1.24479e+02    2.69194e+02    3.47664e+02    1.39835e+01    1.61459e+02
     Coulomb-14        LJ (SR)   Coulomb (SR)   Coul. recip.      Potential
    2.40833e+03    1.76922e+04   -1.39372e+05    4.15172e+02   -1.17939e+05
    Kinetic En.   Total Energy  Conserved En.    Temperature Pressure (bar)
    2.24265e+04   -9.55130e+04   -9.42918e+04    3.00467e+02   -2.20913e+02
   Constr. rmsd
    2.81609e-06

           Step           Time
         335000      670.00000

   Energies (kJ/mol)
           Bond          Angle    Proper Dih.  Improper Dih.          LJ-14
    1.38091e+02    2.84611e+02    3.68320e+02    3.02212e+01    1.83205e+02
     Coulomb-14        LJ (SR)   Coulomb (SR)   Coul. recip.      Potential
    2.41700e+03    1.78811e+04   -1.40078e+05    4.22341e+02   -1.18354e+05
    Kinetic En.   Total Energy  Conserved En.    Temperature Pressure (bar)
    2.20465e+04   -9.63071e+04   -9.42623e+04    2.95375e+02   -9.72527e+01
   Constr. rmsd
    1.76607e-06


DD  step 339999 load imb.: force  2.4%
           Step           Time
         340000      680.00000

   Energies (kJ/mol)
           Bond          Angle    Proper Dih.  Improper Dih.          LJ-14
    7.97015e+01    3.27772e+02    3.70773e+02    1.45519e+01    1.78756e+02
     Coulomb-14        LJ (SR)   Coulomb (SR)   Coul. recip.      Potential
    2.42836e+03    1.77596e+04   -1.40459e+05    4.09552e+02   -1.18890e+05
    Kinetic En.   Total Energy  Conserved En.    Temperature Pressure (bar)
    2.20387e+04   -9.68517e+04   -9.42346e+04    2.95270e+02   -2.44337e+02
   Constr. rmsd
    1.85371e-06

           Step           Time
         345000      690.00000

   Energies (kJ/mol)
           Bond          Angle    Proper Dih.  Improper Dih.          LJ-14
    1.13185e+02    2.87797e+02    3.67377e+02    1.89757e+01    1.66078e+02
     Coulomb-14        LJ (SR)   Coulomb (SR)   Coul. recip.      Potential
    2.41094e+03    1.84403e+04   -1.41309e+05    4.24853e+02   -1.19079e+05
    Kinetic En.   Total Energy  Conserved En.    Temperature Pressure (bar)
    2.25472e+04   -9.65321e+04   -9.42130e+04    3.02084e+02    1.11510e+02
   Constr. rmsd
    2.65629e-06


DD  step 349999 load imb.: force  2.4%
           Step           Time
         350000      700.00000

   Energies (kJ/mol)
           Bond          Angle    Proper Dih.  Improper Dih.          LJ-14
    1.37334e+02    3.07506e+02    3.90315e+02    3.07271e+01    1.91944e+02
     Coulomb-14        LJ (SR)   Coulomb (SR)   Coul. recip.      Potential
    2.40791e+03    1.80983e+04   -1.40581e+05    3.56319e+02   -1.18661e+05
    Kinetic En.   Total Energy  Conserved En.    Temperature Pressure (bar)
    2.19430e+04   -9.67176e+04   -9.41786e+04    2.93989e+02    2.12066e+02
   Constr. rmsd
    1.68278e-06

           Step           Time
         355000      710.00000

   Energies (kJ/mol)
           Bond          Angle    Proper Dih.  Improper Dih.          LJ-14
    1.39580e+02    3.45179e+02    3.67179e+02    1.01865e+01    1.75926e+02
     Coulomb-14        LJ (SR)   Coulomb (SR)   Coul. recip.      Potential
    2.37082e+03    1.78324e+04   -1.40126e+05    4.16708e+02   -1.18468e+05
    Kinetic En.   Total Energy  Conserved En.    Temperature Pressure (bar)
    2.22309e+04   -9.62371e+04   -9.41543e+04    2.97846e+02   -8.43722e+01
   Constr. rmsd
    2.90172e-06


DD  step 359999 load imb.: force  1.8%
           Step           Time
         360000      720.00000

   Energies (kJ/mol)
           Bond          Angle    Proper Dih.  Improper Dih.          LJ-14
    1.42733e+02    2.71204e+02    3.94912e+02    1.90776e+01    1.68581e+02
     Coulomb-14        LJ (SR)   Coulomb (SR)   Coul. recip.      Potential
    2.44016e+03    1.78247e+04   -1.40511e+05    3.77529e+02   -1.18872e+05
    Kinetic En.   Total Energy  Conserved En.    Temperature Pressure (bar)
    2.29894e+04   -9.58829e+04   -9.41345e+04    3.08008e+02    4.52649e+01
   Constr. rmsd
    2.42543e-06

           Step           Time
         365000      730.00000

   Energies (kJ/mol)
           Bond          Angle    Proper Dih.  Improper Dih.          LJ-14
    1.40670e+02    2.97264e+02    4.12591e+02    1.73376e+01    1.59033e+02
     Coulomb-14        LJ (SR)   Coulomb (SR)   Coul. recip.      Potential
    2.42252e+03    1.80124e+04   -1.39771e+05    4.38911e+02   -1.17871e+05
    Kinetic En.   Total Energy  Conserved En.    Temperature Pressure (bar)
    2.20166e+04   -9.58540e+04   -9.41028e+04    2.94975e+02    4.22776e+01
   Constr. rmsd
    1.23260e-06


DD  step 369999 load imb.: force  2.9%
           Step           Time
         370000      740.00000

   Energies (kJ/mol)
           Bond          Angle    Proper Dih.  Improper Dih.          LJ-14
    1.36354e+02    3.09080e+02    3.80693e+02    2.91034e+01    1.82925e+02
     Coulomb-14        LJ (SR)   Coulomb (SR)   Coul. recip.      Potential
    2.38195e+03    1.77329e+04   -1.39427e+05    4.39523e+02   -1.17835e+05
    Kinetic En.   Total Energy  Conserved En.    Temperature Pressure (bar)
    2.21055e+04   -9.57293e+04   -9.40747e+04    2.96166e+02   -7.97790e+01
   Constr. rmsd
    1.21374e-06

           Step           Time
         375000      750.00000

   Energies (kJ/mol)
           Bond          Angle    Proper Dih.  Improper Dih.          LJ-14
    1.46349e+02    3.05434e+02    3.76313e+02    1.98796e+01    1.53215e+02
     Coulomb-14        LJ (SR)   Coulomb (SR)   Coul. recip.      Potential
    2.34015e+03    1.77372e+04   -1.40211e+05    3.83705e+02   -1.18749e+05
    Kinetic En.   Total Energy  Conserved En.    Temperature Pressure (bar)
    2.24633e+04   -9.62853e+04   -9.40532e+04    3.00959e+02   -2.96324e+02
   Constr. rmsd
    1.58350e-06


DD  step 379999 load imb.: force  2.6%
           Step           Time
         380000      760.00000

   Energies (kJ/mol)
           Bond          Angle    Proper Dih.  Improper Dih.          LJ-14
    1.28294e+02    2.96067e+02    3.81091e+02    1.61810e+01    1.76630e+02
     Coulomb-14        LJ (SR)   Coulomb (SR)   Coul. recip.      Potential
    2.39694e+03    1.79073e+04   -1.39975e+05    4.10753e+02   -1.18262e+05
    Kinetic En.   Total Energy  Conserved En.    Temperature Pressure (bar)
    2.20337e+04   -9.62280e+04   -9.40268e+04    2.95205e+02   -8.18295e+00
   Constr. rmsd
    2.19420e-06

           Step           Time
         385000      770.00000

   Energies (kJ/mol)
           Bond          Angle    Proper Dih.  Improper Dih.          LJ-14
    1.53100e+02    2.86930e+02    3.81188e+02    1.73561e+01    1.55183e+02
     Coulomb-14        LJ (SR)   Coulomb (SR)   Coul. recip.      Potential
    2.35123e+03    1.85706e+04   -1.40906e+05    4.28741e+02   -1.18562e+05
    Kinetic En.   Total Energy  Conserved En.    Temperature Pressure (bar)
    2.23903e+04   -9.61713e+04   -9.39940e+04    2.99981e+02    3.14662e+02
   Constr. rmsd
    3.15055e-06


DD  step 389999 load imb.: force  3.2%
           Step           Time
         390000      780.00000

   Energies (kJ/mol)
           Bond          Angle    Proper Dih.  Improper Dih.          LJ-14
    1.33295e+02    2.79360e+02    4.01976e+02    2.05718e+01    1.72875e+02
     Coulomb-14        LJ (SR)   Coulomb (SR)   Coul. recip.      Potential
    2.39474e+03    1.78055e+04   -1.40194e+05    4.04874e+02   -1.18581e+05
    Kinetic En.   Total Energy  Conserved En.    Temperature Pressure (bar)
    2.22343e+04   -9.63463e+04   -9.39745e+04    2.97891e+02    9.04191e+01
   Constr. rmsd
    1.33369e-06

           Step           Time
         395000      790.00000

   Energies (kJ/mol)
           Bond          Angle    Proper Dih.  Improper Dih.          LJ-14
    1.29600e+02    2.88061e+02    3.72562e+02    2.67062e+01    1.76538e+02
     Coulomb-14        LJ (SR)   Coulomb (SR)   Coul. recip.      Potential
    2.42310e+03    1.77119e+04   -1.39892e+05    3.92309e+02   -1.18372e+05
    Kinetic En.   Total Energy  Conserved En.    Temperature Pressure (bar)
    2.24899e+04   -9.58817e+04   -9.39550e+04    3.01316e+02   -6.78984e+01
   Constr. rmsd
    2.43639e-06


DD  step 399999 load imb.: force  1.8%
           Step           Time
         400000      800.00000

   Energies (kJ/mol)
           Bond          Angle    Proper Dih.  Improper Dih.          LJ-14
    1.30015e+02    3.27848e+02    3.78347e+02    2.53474e+01    1.82135e+02
     Coulomb-14        LJ (SR)   Coulomb (SR)   Coul. recip.      Potential
    2.37499e+03    1.83973e+04   -1.40790e+05    4.10292e+02   -1.18564e+05
    Kinetic En.   Total Energy  Conserved En.    Temperature Pressure (bar)
    2.23485e+04   -9.62157e+04   -9.39202e+04    2.99422e+02    3.73329e+02
   Constr. rmsd
    2.25489e-06

           Step           Time
         405000      810.00000

   Energies (kJ/mol)
           Bond          Angle    Proper Dih.  Improper Dih.          LJ-14
    1.24200e+02    3.73808e+02    3.66961e+02    1.86580e+01    1.66155e+02
     Coulomb-14        LJ (SR)   Coulomb (SR)   Coul. recip.      Potential
    2.41618e+03    1.76221e+04   -1.39437e+05    4.32347e+02   -1.17917e+05
    Kinetic En.   Total Energy  Conserved En.    Temperature Pressure (bar)
    2.19870e+04   -9.59296e+04   -9.38932e+04    2.94578e+02   -3.49531e+01
   Constr. rmsd
    2.34477e-06


DD  step 409999 load imb.: force  2.7%
           Step           Time
         410000      820.00000

   Energies (kJ/mol)
           Bond          Angle    Proper Dih.  Improper Dih.          LJ-14
    1.26545e+02    2.88513e+02    3.46883e+02    1.88815e+01    1.82860e+02
     Coulomb-14        LJ (SR)   Coulomb (SR)   Coul. recip.      Potential
    2.37832e+03    1.81224e+04   -1.40339e+05    3.91516e+02   -1.18483e+05
    Kinetic En.   Total Energy  Conserved En.    Temperature Pressure (bar)
    2.25225e+04   -9.59605e+04   -9.38775e+04    3.01752e+02    2.83888e+02
   Constr. rmsd
    1.92070e-06

           Step           Time
         415000      830.00000

   Energies (kJ/mol)
           Bond          Angle    Proper Dih.  Improper Dih.          LJ-14
    1.24240e+02    2.78977e+02    3.63073e+02    1.85528e+01    1.77012e+02
     Coulomb-14        LJ (SR)   Coulomb (SR)   Coul. recip.      Potential
    2.38794e+03    1.79703e+04   -1.39693e+05    4.09214e+02   -1.17963e+05
    Kinetic En.   Total Energy  Conserved En.    Temperature Pressure (bar)
    2.23313e+04   -9.56321e+04   -9.38446e+04    2.99191e+02    2.84273e+02
   Constr. rmsd
    2.59338e-06


DD  step 419999 load imb.: force  2.9%
           Step           Time
         420000      840.00000

   Energies (kJ/mol)
           Bond          Angle    Proper Dih.  Improper Dih.          LJ-14
    1.39518e+02    3.02406e+02    3.64250e+02    1.79156e+01    1.99310e+02
     Coulomb-14        LJ (SR)   Coulomb (SR)   Coul. recip.      Potential
    2.41941e+03    1.75850e+04   -1.40033e+05    4.03443e+02   -1.18601e+05
    Kinetic En.   Total Energy  Conserved En.    Temperature Pressure (bar)
    2.19734e+04   -9.66279e+04   -9.38201e+04    2.94396e+02   -1.11803e+02
   Constr. rmsd
    1.88714e-06

           Step           Time
         425000      850.00000

   Energies (kJ/mol)
           Bond          Angle    Proper Dih.  Improper Dih.          LJ-14
    1.65099e+02    3.08638e+02    3.83508e+02    1.88298e+01    1.75777e+02
     Coulomb-14        LJ (SR)   Coulomb (SR)   Coul. recip.      Potential
    2.38142e+03    1.77263e+04   -1.39921e+05    4.08465e+02   -1.18353e+05
    Kinetic En.   Total Energy  Conserved En.    Temperature Pressure (bar)
    2.22973e+04   -9.60555e+04   -9.37950e+04    2.98735e+02   -1.72773e+02
   Constr. rmsd
    1.85433e-06


DD  step 429999 load imb.: force  2.3%
           Step           Time
         430000      860.00000

   Energies (kJ/mol)
           Bond          Angle    Proper Dih.  Improper Dih.          LJ-14
    1.57394e+02    3.06632e+02    3.58055e+02    1.34444e+01    1.81541e+02
     Coulomb-14        LJ (SR)   Coulomb (SR)   Coul. recip.      Potential
    2.39130e+03    1.77558e+04   -1.39838e+05    4.36264e+02   -1.18238e+05
    Kinetic En.   Total Energy  Conserved En.    Temperature Pressure (bar)
    2.20957e+04   -9.61419e+04   -9.37712e+04    2.96034e+02   -2.77638e+02
   Constr. rmsd
    2.09863e-06

           Step           Time
         435000      870.00000

   Energies (kJ/mol)
           Bond          Angle    Proper Dih.  Improper Dih.          LJ-14
    1.51265e+02    3.38990e+02    3.95117e+02    2.32480e+01    1.66394e+02
     Coulomb-14        LJ (SR)   Coulomb (SR)   Coul. recip.      Potential
    2.35633e+03    1.83093e+04   -1.40448e+05    3.91788e+02   -1.18315e+05
    Kinetic En.   Total Energy  Conserved En.    Temperature Pressure (bar)
    2.21620e+04   -9.61532e+04   -9.37409e+04    2.96923e+02    9.20699e+01
   Constr. rmsd
    2.62250e-06


DD  step 439999 load imb.: force  3.5%
           Step           Time
         440000      880.00000

   Energies (kJ/mol)
           Bond          Angle    Proper Dih.  Improper Dih.          LJ-14
    1.34844e+02    2.71638e+02    3.63029e+02    2.34858e+01    1.73256e+02
     Coulomb-14        LJ (SR)   Coulomb (SR)   Coul. recip.      Potential
    2.41723e+03    1.72945e+04   -1.39898e+05    4.16327e+02   -1.18803e+05
    Kinetic En.   Total Energy  Conserved En.    Temperature Pressure (bar)
    2.21875e+04   -9.66157e+04   -9.37244e+04    2.97265e+02   -4.62354e+02
   Constr. rmsd
    3.08612e-06

           Step           Time
         445000      890.00000

   Energies (kJ/mol)
           Bond          Angle    Proper Dih.  Improper Dih.          LJ-14
    1.28964e+02    3.12857e+02    3.88462e+02    1.60322e+01    1.75077e+02
     Coulomb-14        LJ (SR)   Coulomb (SR)   Coul. recip.      Potential
    2.38746e+03    1.74541e+04   -1.39292e+05    4.14268e+02   -1.18015e+05
    Kinetic En.   Total Energy  Conserved En.    Temperature Pressure (bar)
    2.22984e+04   -9.57169e+04   -9.36910e+04    2.98750e+02   -2.62172e+02
   Constr. rmsd
    5.18020e-06


DD  step 449999 load imb.: force  4.9%
           Step           Time
         450000      900.00000

   Energies (kJ/mol)
           Bond          Angle    Proper Dih.  Improper Dih.          LJ-14
    1.20103e+02    3.33993e+02    3.79426e+02    2.17642e+01    1.86385e+02
     Coulomb-14        LJ (SR)   Coulomb (SR)   Coul. recip.      Potential
    2.41127e+03    1.73851e+04   -1.39525e+05    4.23590e+02   -1.18264e+05
    Kinetic En.   Total Energy  Conserved En.    Temperature Pressure (bar)
    2.21264e+04   -9.61373e+04   -9.36508e+04    2.96446e+02   -4.32319e+02
   Constr. rmsd
    1.77286e-06

           Step           Time
         455000      910.00000

   Energies (kJ/mol)
           Bond          Angle    Proper Dih.  Improper Dih.          LJ-14
    1.27975e+02    2.88444e+02    3.52555e+02    1.94459e+01    1.65904e+02
     Coulomb-14        LJ (SR)   Coulomb (SR)   Coul. recip.      Potential
    2.39962e+03    1.78375e+04   -1.39958e+05    4.06628e+02   -1.18360e+05
    Kinetic En.   Total Energy  Conserved En.    Temperature Pressure (bar)
    2.23696e+04   -9.59901e+04   -9.36245e+04    2.99704e+02    1.43588e+02
   Constr. rmsd
    1.75480e-06


DD  step 459999 load imb.: force  2.3%
           Step           Time
         460000      920.00000

   Energies (kJ/mol)
           Bond          Angle    Proper Dih.  Improper Dih.          LJ-14
    1.25096e+02    3.30215e+02    3.75592e+02    3.02234e+01    2.16101e+02
     Coulomb-14        LJ (SR)   Coulomb (SR)   Coul. recip.      Potential
    2.43604e+03    1.82170e+04   -1.40345e+05    4.49520e+02   -1.18166e+05
    Kinetic En.   Total Energy  Conserved En.    Temperature Pressure (bar)
    2.26821e+04   -9.54835e+04   -9.35974e+04    3.03891e+02    2.92702e+02
   Constr. rmsd
    2.38714e-06

           Step           Time
         465000      930.00000

   Energies (kJ/mol)
           Bond          Angle    Proper Dih.  Improper Dih.          LJ-14
    1.40497e+02    2.72605e+02    3.69153e+02    1.38099e+01    1.80191e+02
     Coulomb-14        LJ (SR)   Coulomb (SR)   Coul. recip.      Potential
    2.46140e+03    1.75681e+04   -1.39847e+05    3.77141e+02   -1.18464e+05
    Kinetic En.   Total Energy  Conserved En.    Temperature Pressure (bar)
    2.26348e+04   -9.58292e+04   -9.35789e+04    3.03258e+02   -2.04134e+02
   Constr. rmsd
    1.89119e-06


DD  step 469999 load imb.: force  4.6%
           Step           Time
         470000      940.00000

   Energies (kJ/mol)
           Bond          Angle    Proper Dih.  Improper Dih.          LJ-14
    1.15040e+02    3.32036e+02    3.82478e+02    1.25499e+01    1.92180e+02
     Coulomb-14        LJ (SR)   Coulomb (SR)   Coul. recip.      Potential
    2.38391e+03    1.81922e+04   -1.40126e+05    4.43135e+02   -1.18073e+05
    Kinetic En.   Total Energy  Conserved En.    Temperature Pressure (bar)
    2.21791e+04   -9.58938e+04   -9.35446e+04    2.97152e+02    2.77989e+02
   Constr. rmsd
    2.57072e-06

           Step           Time
         475000      950.00000

   Energies (kJ/mol)
           Bond          Angle    Proper Dih.  Improper Dih.          LJ-14
    1.52746e+02    3.21125e+02    3.52329e+02    1.90051e+01    1.71714e+02
     Coulomb-14        LJ (SR)   Coulomb (SR)   Coul. recip.      Potential
    2.46173e+03    1.76817e+04   -1.39787e+05    4.21203e+02   -1.18206e+05
    Kinetic En.   Total Energy  Conserved En.    Temperature Pressure (bar)
    2.24597e+04   -9.57460e+04   -9.35182e+04    3.00912e+02   -8.15370e+01
   Constr. rmsd
    2.79638e-06


DD  step 479999 load imb.: force  3.8%
           Step           Time
         480000      960.00000

   Energies (kJ/mol)
           Bond          Angle    Proper Dih.  Improper Dih.          LJ-14
    1.42692e+02    2.79619e+02    3.69510e+02    2.68738e+01    1.76438e+02
     Coulomb-14        LJ (SR)   Coulomb (SR)   Coul. recip.      Potential
    2.41985e+03    1.79779e+04   -1.40545e+05    4.06884e+02   -1.18745e+05
    Kinetic En.   Total Energy  Conserved En.    Temperature Pressure (bar)
    2.19436e+04   -9.68014e+04   -9.34894e+04    2.93997e+02   -1.10999e+02
   Constr. rmsd
    2.11696e-06

           Step           Time
         485000      970.00000

   Energies (kJ/mol)
           Bond          Angle    Proper Dih.  Improper Dih.          LJ-14
    1.40397e+02    3.21616e+02    3.89220e+02    2.15974e+01    1.68931e+02
     Coulomb-14        LJ (SR)   Coulomb (SR)   Coul. recip.      Potential
    2.38942e+03    1.78965e+04   -1.39796e+05    4.21638e+02   -1.18046e+05
    Kinetic En.   Total Energy  Conserved En.    Temperature Pressure (bar)
    2.24085e+04   -9.56378e+04   -9.34654e+04    3.00225e+02   -1.30855e+01
   Constr. rmsd
    2.16489e-06


DD  step 489999 load imb.: force  3.3%
           Step           Time
         490000      980.00000

   Energies (kJ/mol)
           Bond          Angle    Proper Dih.  Improper Dih.          LJ-14
    1.09059e+02    2.60472e+02    3.83382e+02    2.27888e+01    1.84926e+02
     Coulomb-14        LJ (SR)   Coulomb (SR)   Coul. recip.      Potential
    2.42004e+03    1.83410e+04   -1.40431e+05    3.83546e+02   -1.18326e+05
    Kinetic En.   Total Energy  Conserved En.    Temperature Pressure (bar)
    2.23195e+04   -9.60063e+04   -9.34430e+04    2.99033e+02    3.18304e+02
   Constr. rmsd
    2.13597e-06

           Step           Time
         495000      990.00000

   Energies (kJ/mol)
           Bond          Angle    Proper Dih.  Improper Dih.          LJ-14
    1.48393e+02    3.52651e+02    3.81351e+02    1.55015e+01    1.52176e+02
     Coulomb-14        LJ (SR)   Coulomb (SR)   Coul. recip.      Potential
    2.37074e+03    1.77925e+04   -1.39527e+05    4.21537e+02   -1.17892e+05
    Kinetic En.   Total Energy  Conserved En.    Temperature Pressure (bar)
    2.27573e+04   -9.51350e+04   -9.34036e+04    3.04898e+02   -8.14105e+00
   Constr. rmsd
    2.03897e-06


DD  step 499999 load imb.: force  3.6%
           Step           Time
         500000     1000.00000

Writing checkpoint, step 500000 at Fri May 15 11:09:36 2026


   Energies (kJ/mol)
           Bond          Angle    Proper Dih.  Improper Dih.          LJ-14
    1.32232e+02    3.00023e+02    3.99023e+02    1.92727e+01    1.66940e+02
     Coulomb-14        LJ (SR)   Coulomb (SR)   Coul. recip.      Potential
    2.36656e+03    1.88530e+04   -1.41450e+05    4.15109e+02   -1.18798e+05
    Kinetic En.   Total Energy  Conserved En.    Temperature Pressure (bar)
    2.20474e+04   -9.67504e+04   -9.33847e+04    2.95387e+02    5.08541e+02
   Constr. rmsd
    1.62022e-06

	<======  ###############  ==>
	<====  A V E R A G E S  ====>
	<==  ###############  ======>

	Statistics over 500001 steps using 5001 frames

   Energies (kJ/mol)
           Bond          Angle    Proper Dih.  Improper Dih.          LJ-14
    1.35863e+02    3.02483e+02    3.77636e+02    1.94821e+01    1.76016e+02
     Coulomb-14        LJ (SR)   Coulomb (SR)   Coul. recip.      Potential
    2.40778e+03    1.78965e+04   -1.40102e+05    4.06334e+02   -1.18380e+05
    Kinetic En.   Total Energy  Conserved En.    Temperature Pressure (bar)
    2.22546e+04   -9.61254e+04   -9.47176e+04    2.98164e+02   -1.33149e+00
   Constr. rmsd
    0.00000e+00

          Box-X          Box-Y          Box-Z
    4.49450e+00    4.49450e+00    4.49450e+00

   Total Virial (kJ/mol)
    7.43969e+03    3.79147e+00    6.82098e+00
    3.75962e+00    7.41226e+03   -2.77151e+00
    6.70574e+00   -2.80856e+00    7.41819e+03

   Pressure (bar)
   -8.25683e+00   -1.86482e+00   -3.16839e+00
   -1.85326e+00    2.59958e+00    1.57231e+00
   -3.12632e+00    1.58595e+00    1.66277e+00


	M E G A - F L O P S   A C C O U N T I N G

 NB=Group-cutoff nonbonded kernels    NxN=N-by-N cluster Verlet kernels
 RF=Reaction-Field  VdW=Van der Waals  QSTab=quadratic-spline table
 W3=SPC/TIP3p  W4=TIP4p (single or pairs)
 V&F=Potential and force  V=Potential only  F=Force only

 Computing:                               M-Number         M-Flops  % Flops
-----------------------------------------------------------------------------
 Pair Search distance check           25532.407434      229791.667     0.1
 NxN QSTab Elec. + LJ [F]           1744871.665424    92478198.267    58.1
 NxN QSTab Elec. + LJ [V&F]           17628.573520     1427914.455     0.9
 NxN QSTab Elec. [F]                1676466.580816    56999863.748    35.8
 NxN QSTab Elec. [V&F]                16937.339616      694430.924     0.4
 1,4 nonbonded interactions             214.500429       19305.039     0.0
 Calc Weights                         13396.526793      482274.965     0.3
 Spread Q Bspline                    285792.571584      571585.143     0.4
 Gather F Bspline                    285792.571584     1714755.430     1.1
 3D-FFT                              491519.983038     3932159.864     2.5
 Solve PME                              512.001024       32768.066     0.0
 Reset In Box                            55.809819         167.429     0.0
 CG-CoM                                  55.827681         167.483     0.0
 Bonds                                   49.000098        2891.006     0.0
 Angles                                 149.500299       25116.050     0.0
 Propers                                216.500433       49578.599     0.0
 Impropers                               23.000046        4784.010     0.0
 Virial                                 455.559111        8200.064     0.0
 Stop-CM                                 44.663931         446.639     0.0
 Calc-Ekin                              893.117862       24114.182     0.0
 Lincs                                   36.500073        2190.004     0.0
 Lincs-Mat                              120.000240         480.001     0.0
 Constraint-V                          4454.508909       35636.071     0.0
 Constraint-Vir                         441.808836       10603.412     0.0
 Settle                                1460.502921      471742.443     0.3
-----------------------------------------------------------------------------
 Total                                               159219164.962   100.0
-----------------------------------------------------------------------------


    D O M A I N   D E C O M P O S I T I O N   S T A T I S T I C S

 av. #atoms communicated per step for force:  2 x 11329.4


Dynamic load balancing report:
 DLB was off during the run due to low measured imbalance.
 Average load imbalance: 2.1%.
 The balanceable part of the MD step is 71%, load imbalance is computed from this.
 Part of the total run time spent waiting due to load imbalance: 1.5%.


     R E A L   C Y C L E   A N D   T I M E   A C C O U N T I N G

On 4 MPI ranks, each using 4 OpenMP threads

 Computing:          Num   Num      Call    Wall time         Giga-Cycles
                     Ranks Threads  Count      (s)         total sum    %
-----------------------------------------------------------------------------
 Domain decomp.         4    4       6250       4.087        130.772   0.6
 DD comm. load          4    4       2001       0.009          0.293   0.0
 DD comm. bounds        4    4        937       0.006          0.187   0.0
 Neighbor search        4    4       6251      10.209        326.662   1.5
 Comm. coord.           4    4     493750      14.691        470.070   2.1
 Force                  4    4     500001     454.957      14557.554  64.9
 Wait + Comm. F         4    4     500001      14.182        453.785   2.0
 PME mesh               4    4     500001     165.350       5290.827  23.6
 NB X/F buffer ops.     4    4    1487501      20.034        641.028   2.9
 Write traj.            4    4        101       0.199          6.364   0.0
 Update                 4    4     500001       5.678        181.675   0.8
 Constraints            4    4     500001       7.610        243.491   1.1
 Comm. energies         4    4      50001       1.119         35.794   0.2
 Rest                                           3.377        108.056   0.5
-----------------------------------------------------------------------------
 Total                                        701.506      22446.559 100.0
-----------------------------------------------------------------------------
 Breakdown of PME mesh computation
-----------------------------------------------------------------------------
 PME redist. X/F        4    4    1000002      43.236       1383.457   6.2
 PME spread             4    4     500001      45.950       1470.306   6.6
 PME gather             4    4     500001      29.694        950.130   4.2
 PME 3D-FFT             4    4    1000002      31.522       1008.632   4.5
 PME 3D-FFT Comm.       4    4    1000002      11.774        376.749   1.7
 PME solve Elec         4    4     500001       2.281         72.993   0.3
-----------------------------------------------------------------------------

               Core t (s)   Wall t (s)        (%)
       Time:    11223.211      701.506     1599.9
                 (ns/day)    (hour/ns)
Performance:      123.164        0.195
Finished mdrun on rank 0 Fri May 15 11:09:37 2026

