                      :-) GROMACS - gmx mdrun, 2019.2 (-:

                            GROMACS is written by:
     Emile Apol      Rossen Apostolov      Paul Bauer     Herman J.C. Berendsen
    Par Bjelkmar      Christian Blau   Viacheslav Bolnykh     Kevin Boyd    
 Aldert van Buuren   Rudi van Drunen     Anton Feenstra       Alan Gray     
  Gerrit Groenhof     Anca Hamuraru    Vincent Hindriksen  M. Eric Irrgang  
  Aleksei Iupinov   Christoph Junghans     Joe Jordan     Dimitrios Karkoulis
    Peter Kasson        Jiri Kraus      Carsten Kutzner      Per Larsson    
  Justin A. Lemkul    Viveca Lindahl    Magnus Lundborg     Erik Marklund   
    Pascal Merz     Pieter Meulenhoff    Teemu Murtola       Szilard Pall   
    Sander Pronk      Roland Schulz      Michael Shirts    Alexey Shvetsov  
   Alfons Sijbers     Peter Tieleman      Jon Vincent      Teemu Virolainen 
 Christian Wennberg    Maarten Wolf   
                           and the project leaders:
        Mark Abraham, Berk Hess, Erik Lindahl, and David van der Spoel

Copyright (c) 1991-2000, University of Groningen, The Netherlands.
Copyright (c) 2001-2018, The GROMACS development team at
Uppsala University, Stockholm University and
the Royal Institute of Technology, Sweden.
check out http://www.gromacs.org for more information.

GROMACS is free software; you can redistribute it and/or modify it
under the terms of the GNU Lesser General Public License
as published by the Free Software Foundation; either version 2.1
of the License, or (at your option) any later version.

GROMACS:      gmx mdrun, version 2019.2
Executable:   /shared/software/chem/gromacs/gromacs-2019.2-ompi/bin/gmx
Data prefix:  /shared/software/chem/gromacs/gromacs-2019.2-ompi
Working dir:  /home/ws/rs6725/test_md
Process ID:   80286
Command line:
  gmx mdrun -deffnm nvt -v -ntmpi 4 -ntomp 4

GROMACS version:    2019.2
Precision:          single
Memory model:       64 bit
MPI library:        thread_mpi
OpenMP support:     enabled (GMX_OPENMP_MAX_THREADS = 64)
GPU support:        CUDA
SIMD instructions:  AVX2_128
FFT library:        fftw-3.3.8-sse2-avx-avx2-avx2_128-avx512
RDTSCP usage:       enabled
TNG support:        enabled
Hwloc support:      hwloc-1.11.8
Tracing support:    disabled
C compiler:         /opt/ohpc/pub/compiler/gcc/7.3.0/bin/gcc GNU 7.3.0
C compiler flags:    -mavx2 -mfma     -O3 -DNDEBUG -funroll-all-loops -fexcess-precision=fast  
C++ compiler:       /opt/ohpc/pub/compiler/gcc/7.3.0/bin/c++ GNU 7.3.0
C++ compiler flags:  -mavx2 -mfma    -std=c++11   -O3 -DNDEBUG -funroll-all-loops -fexcess-precision=fast  
CUDA compiler:      /usr/local/cuda/bin/nvcc nvcc: NVIDIA (R) Cuda compiler driver;Copyright (c) 2005-2018 NVIDIA Corporation;Built on Sat_Aug_25_21:08:01_CDT_2018;Cuda compilation tools, release 10.0, V10.0.130
CUDA compiler flags:-gencode;arch=compute_30,code=sm_30;-gencode;arch=compute_35,code=sm_35;-gencode;arch=compute_37,code=sm_37;-gencode;arch=compute_50,code=sm_50;-gencode;arch=compute_52,code=sm_52;-gencode;arch=compute_60,code=sm_60;-gencode;arch=compute_61,code=sm_61;-gencode;arch=compute_70,code=sm_70;-gencode;arch=compute_75,code=compute_75;-use_fast_math;;; ;-mavx2;-mfma;-std=c++11;-O3;-DNDEBUG;-funroll-all-loops;-fexcess-precision=fast;
CUDA driver:        12.40
CUDA runtime:       N/A

Note: 128 CPUs configured, but only 32 were detected to be online.

NOTE: Detection of GPUs failed. The API reported:
      no CUDA-capable device is detected
      GROMACS cannot run tasks on a GPU.

Running on 1 node with total 32 cores, 32 logical cores, 0 compatible GPUs
Hardware detected:
  CPU info:
    Vendor: AMD
    Brand:  AMD EPYC 7702 64-Core Processor                
    Family: 23   Model: 49   Stepping: 0
    Features: aes amd apic avx avx2 clfsh cmov cx8 cx16 f16c fma htt lahf misalignsse mmx msr nonstop_tsc pclmuldq pdpe1gb popcnt pse rdrnd rdtscp sha sse2 sse3 sse4a sse4.1 sse4.2 ssse3
  Hardware topology: Full, with devices
    Sockets, cores, and logical processors:
      Socket  0: [   0] [   1] [   2] [   3] [   4] [   5] [   6] [   7] [   8] [   9] [  10] [  11] [  12] [  13] [  14] [  15] [  16] [  17] [  18] [  19] [  20] [  21] [  22] [  23] [  24] [  25] [  26] [  27] [  28] [  29] [  30] [  31]
    Numa nodes:
      Node  0 (134925836288 bytes mem):   0   1   2   3   4   5   6   7   8   9  10  11  12  13  14  15  16  17  18  19  20  21  22  23  24  25  26  27  28  29  30  31
      Node  1 (135276908544 bytes mem):
      Latency:
               0     1
         0  1.00  3.20
         1  3.20  1.00
    Caches:
      L1: 32768 bytes, linesize 64 bytes, assoc. 8, shared 1 ways
      L2: 524288 bytes, linesize 64 bytes, assoc. 8, shared 1 ways
      L3: 16777216 bytes, linesize 64 bytes, assoc. 16, shared 4 ways
    PCI devices:
      0000:21:00.0  Id: 8086:1563  Class: 0x0200  Numa: -1
      0000:21:00.1  Id: 8086:1563  Class: 0x0200  Numa: -1
      0000:24:00.0  Id: 1022:7901  Class: 0x0106  Numa: -1
      0000:25:00.0  Id: 1022:7901  Class: 0x0106  Numa: -1
      0000:43:00.0  Id: 1022:7901  Class: 0x0106  Numa: -1
      0000:44:00.0  Id: 1022:7901  Class: 0x0106  Numa: -1
      0000:62:00.0  Id: 1a03:2000  Class: 0x0300  Numa: -1
      0000:a7:00.0  Id: 1022:7901  Class: 0x0106  Numa: -1
      0000:a8:00.0  Id: 1022:7901  Class: 0x0106  Numa: -1
      0000:c3:00.0  Id: 1022:7901  Class: 0x0106  Numa: -1
      0000:c4:00.0  Id: 1022:7901  Class: 0x0106  Numa: -1


++++ PLEASE READ AND CITE THE FOLLOWING REFERENCE ++++
M. J. Abraham, T. Murtola, R. Schulz, S. Páll, J. C. Smith, B. Hess, E.
Lindahl
GROMACS: High performance molecular simulations through multi-level
parallelism from laptops to supercomputers
SoftwareX 1 (2015) pp. 19-25
-------- -------- --- Thank You --- -------- --------


++++ PLEASE READ AND CITE THE FOLLOWING REFERENCE ++++
S. Páll, M. J. Abraham, C. Kutzner, B. Hess, E. Lindahl
Tackling Exascale Software Challenges in Molecular Dynamics Simulations with
GROMACS
In S. Markidis & E. Laure (Eds.), Solving Software Challenges for Exascale 8759 (2015) pp. 3-27
-------- -------- --- Thank You --- -------- --------


++++ PLEASE READ AND CITE THE FOLLOWING REFERENCE ++++
S. Pronk, S. Páll, R. Schulz, P. Larsson, P. Bjelkmar, R. Apostolov, M. R.
Shirts, J. C. Smith, P. M. Kasson, D. van der Spoel, B. Hess, and E. Lindahl
GROMACS 4.5: a high-throughput and highly parallel open source molecular
simulation toolkit
Bioinformatics 29 (2013) pp. 845-54
-------- -------- --- Thank You --- -------- --------


++++ PLEASE READ AND CITE THE FOLLOWING REFERENCE ++++
B. Hess and C. Kutzner and D. van der Spoel and E. Lindahl
GROMACS 4: Algorithms for highly efficient, load-balanced, and scalable
molecular simulation
J. Chem. Theory Comput. 4 (2008) pp. 435-447
-------- -------- --- Thank You --- -------- --------


++++ PLEASE READ AND CITE THE FOLLOWING REFERENCE ++++
D. van der Spoel, E. Lindahl, B. Hess, G. Groenhof, A. E. Mark and H. J. C.
Berendsen
GROMACS: Fast, Flexible and Free
J. Comp. Chem. 26 (2005) pp. 1701-1719
-------- -------- --- Thank You --- -------- --------


++++ PLEASE READ AND CITE THE FOLLOWING REFERENCE ++++
E. Lindahl and B. Hess and D. van der Spoel
GROMACS 3.0: A package for molecular simulation and trajectory analysis
J. Mol. Mod. 7 (2001) pp. 306-317
-------- -------- --- Thank You --- -------- --------


++++ PLEASE READ AND CITE THE FOLLOWING REFERENCE ++++
H. J. C. Berendsen, D. van der Spoel and R. van Drunen
GROMACS: A message-passing parallel molecular dynamics implementation
Comp. Phys. Comm. 91 (1995) pp. 43-56
-------- -------- --- Thank You --- -------- --------


++++ PLEASE CITE THE DOI FOR THIS VERSION OF GROMACS ++++
https://doi.org/10.5281/zenodo.2636382
-------- -------- --- Thank You --- -------- --------

Input Parameters:
   integrator                     = md
   tinit                          = 0
   dt                             = 0.002
   nsteps                         = 50000
   init-step                      = 0
   simulation-part                = 1
   comm-mode                      = Linear
   nstcomm                        = 100
   bd-fric                        = 0
   ld-seed                        = 1484355756
   emtol                          = 10
   emstep                         = 0.01
   niter                          = 20
   fcstep                         = 0
   nstcgsteep                     = 1000
   nbfgscorr                      = 10
   rtpi                           = 0.05
   nstxout                        = 2500
   nstvout                        = 2500
   nstfout                        = 0
   nstlog                         = 2500
   nstcalcenergy                  = 100
   nstenergy                      = 2500
   nstxout-compressed             = 0
   compressed-x-precision         = 1000
   cutoff-scheme                  = Verlet
   nstlist                        = 10
   ns-type                        = Grid
   pbc                            = xyz
   periodic-molecules             = false
   verlet-buffer-tolerance        = 0.005
   rlist                          = 1.2
   coulombtype                    = PME
   coulomb-modifier               = Potential-shift
   rcoulomb-switch                = 0
   rcoulomb                       = 1.2
   epsilon-r                      = 1
   epsilon-rf                     = inf
   vdw-type                       = Cut-off
   vdw-modifier                   = Force-switch
   rvdw-switch                    = 1
   rvdw                           = 1.2
   DispCorr                       = No
   table-extension                = 1
   fourierspacing                 = 0.16
   fourier-nx                     = 32
   fourier-ny                     = 32
   fourier-nz                     = 32
   pme-order                      = 4
   ewald-rtol                     = 1e-05
   ewald-rtol-lj                  = 0.001
   lj-pme-comb-rule               = Geometric
   ewald-geometry                 = 0
   epsilon-surface                = 0
   tcoupl                         = V-rescale
   nsttcouple                     = 10
   nh-chain-length                = 0
   print-nose-hoover-chain-variables = false
   pcoupl                         = No
   pcoupltype                     = Isotropic
   nstpcouple                     = -1
   tau-p                          = 1
   compressibility (3x3):
      compressibility[    0]={ 0.00000e+00,  0.00000e+00,  0.00000e+00}
      compressibility[    1]={ 0.00000e+00,  0.00000e+00,  0.00000e+00}
      compressibility[    2]={ 0.00000e+00,  0.00000e+00,  0.00000e+00}
   ref-p (3x3):
      ref-p[    0]={ 0.00000e+00,  0.00000e+00,  0.00000e+00}
      ref-p[    1]={ 0.00000e+00,  0.00000e+00,  0.00000e+00}
      ref-p[    2]={ 0.00000e+00,  0.00000e+00,  0.00000e+00}
   refcoord-scaling               = No
   posres-com (3):
      posres-com[0]= 0.00000e+00
      posres-com[1]= 0.00000e+00
      posres-com[2]= 0.00000e+00
   posres-comB (3):
      posres-comB[0]= 0.00000e+00
      posres-comB[1]= 0.00000e+00
      posres-comB[2]= 0.00000e+00
   QMMM                           = false
   QMconstraints                  = 0
   QMMMscheme                     = 0
   MMChargeScaleFactor            = 1
qm-opts:
   ngQM                           = 0
   constraint-algorithm           = Lincs
   continuation                   = false
   Shake-SOR                      = false
   shake-tol                      = 0.0001
   lincs-order                    = 4
   lincs-iter                     = 1
   lincs-warnangle                = 30
   nwall                          = 0
   wall-type                      = 9-3
   wall-r-linpot                  = -1
   wall-atomtype[0]               = -1
   wall-atomtype[1]               = -1
   wall-density[0]                = 0
   wall-density[1]                = 0
   wall-ewald-zfac                = 3
   pull                           = false
   awh                            = false
   rotation                       = false
   interactiveMD                  = false
   disre                          = No
   disre-weighting                = Conservative
   disre-mixed                    = false
   dr-fc                          = 1000
   dr-tau                         = 0
   nstdisreout                    = 100
   orire-fc                       = 0
   orire-tau                      = 0
   nstorireout                    = 100
   free-energy                    = no
   cos-acceleration               = 0
   deform (3x3):
      deform[    0]={ 0.00000e+00,  0.00000e+00,  0.00000e+00}
      deform[    1]={ 0.00000e+00,  0.00000e+00,  0.00000e+00}
      deform[    2]={ 0.00000e+00,  0.00000e+00,  0.00000e+00}
   simulated-tempering            = false
   swapcoords                     = no
   userint1                       = 0
   userint2                       = 0
   userint3                       = 0
   userint4                       = 0
   userreal1                      = 0
   userreal2                      = 0
   userreal3                      = 0
   userreal4                      = 0
   applied-forces:
     electric-field:
       x:
         E0                       = 0
         omega                    = 0
         t0                       = 0
         sigma                    = 0
       y:
         E0                       = 0
         omega                    = 0
         t0                       = 0
         sigma                    = 0
       z:
         E0                       = 0
         omega                    = 0
         t0                       = 0
         sigma                    = 0
grpopts:
   nrdf:       17954
   ref-t:         298
   tau-t:           1
annealing:          No
annealing-npoints:           0
   acc:	           0           0           0
   nfreeze:           N           N           N
   energygrp-flags[  0]: 0

Changing nstlist from 10 to 80, rlist from 1.2 to 1.32


Initializing Domain Decomposition on 4 ranks
Dynamic load balancing: locked
Using update groups, nr 3016, average size 3.0 atoms, max. radius 0.104 nm
Minimum cell size due to atom displacement: 0.514 nm
Initial maximum distances in bonded interactions:
    two-body bonded interactions: 0.389 nm, LJ-14, atoms 128 138
  multi-body bonded interactions: 0.389 nm, Proper Dih., atoms 138 128
Minimum cell size due to bonded interactions: 0.428 nm
Using 0 separate PME ranks, as there are too few total
 ranks for efficient splitting
Scaling the initial minimum size with 1/0.8 (option -dds) = 1.25
Optimizing the DD grid for 4 cells with a minimum initial size of 0.642 nm
The maximum allowed number of cells is: X 7 Y 7 Z 7
Domain decomposition grid 4 x 1 x 1, separate PME ranks 0
PME domain decomposition: 4 x 1 x 1
Domain decomposition rank 0, coordinates 0 0 0

The initial number of communication pulses is: X 2
The initial domain decomposition cell size is: X 1.13 nm

The maximum allowed distance for atom groups involved in interactions is:
                 non-bonded interactions           1.528 nm
            two-body bonded interactions  (-rdd)   1.528 nm
          multi-body bonded interactions  (-rdd)   1.127 nm

When dynamic load balancing gets turned on, these settings will change to:
The maximum number of communication pulses is: X 2
The minimum size for domain decomposition cells is 0.764 nm
The requested allowed shrink of DD cells (option -dds) is: 0.80
The allowed shrink of domain decomposition cells is: X 0.68
The maximum allowed distance for atom groups involved in interactions is:
                 non-bonded interactions           1.528 nm
            two-body bonded interactions  (-rdd)   1.528 nm
          multi-body bonded interactions  (-rdd)   0.764 nm

Using 4 MPI threads
Using 4 OpenMP threads per tMPI thread


NOTE: The number of threads is not equal to the number of (logical) cores
      and the -pin option is set to auto: will not pin threads to cores.
      This can lead to significant performance degradation.
      Consider using -pin on (and -pinoffset in case you run multiple jobs).
System total charge: -0.000
Will do PME sum in reciprocal space for electrostatic interactions.

++++ PLEASE READ AND CITE THE FOLLOWING REFERENCE ++++
U. Essmann, L. Perera, M. L. Berkowitz, T. Darden, H. Lee and L. G. Pedersen 
A smooth particle mesh Ewald method
J. Chem. Phys. 103 (1995) pp. 8577-8592
-------- -------- --- Thank You --- -------- --------

Using a Gaussian width (1/beta) of 0.384195 nm for Ewald
Potential shift: LJ r^-12: -2.648e-01 r^-6: -5.349e-01, Ewald -8.333e-06
Initialized non-bonded Ewald correction tables, spacing: 1.02e-03 size: 1176

Generated table with 1160 data points for 1-4 COUL.
Tabscale = 500 points/nm
Generated table with 1160 data points for 1-4 LJ6.
Tabscale = 500 points/nm
Generated table with 1160 data points for 1-4 LJ12.
Tabscale = 500 points/nm

Using SIMD 4x4 nonbonded short-range kernels

Using a dual 4x4 pair-list setup updated with dynamic pruning:
  outer list: updated every 80 steps, buffer 0.120 nm, rlist 1.320 nm
  inner list: updated every 13 steps, buffer 0.002 nm, rlist 1.202 nm
At tolerance 0.005 kJ/mol/ps per atom, equivalent classical 1x1 list would be:
  outer list: updated every 80 steps, buffer 0.264 nm, rlist 1.464 nm
  inner list: updated every 13 steps, buffer 0.052 nm, rlist 1.252 nm

Removing pbc first time

Initializing LINear Constraint Solver

++++ PLEASE READ AND CITE THE FOLLOWING REFERENCE ++++
B. Hess and H. Bekker and H. J. C. Berendsen and J. G. E. M. Fraaije
LINCS: A Linear Constraint Solver for molecular simulations
J. Comp. Chem. 18 (1997) pp. 1463-1472
-------- -------- --- Thank You --- -------- --------

The number of constraints is 73

++++ PLEASE READ AND CITE THE FOLLOWING REFERENCE ++++
S. Miyamoto and P. A. Kollman
SETTLE: An Analytical Version of the SHAKE and RATTLE Algorithms for Rigid
Water Models
J. Comp. Chem. 13 (1992) pp. 952-962
-------- -------- --- Thank You --- -------- --------


Linking all bonded interactions to atoms


Intra-simulation communication will occur every 10 steps.
Center of mass motion removal mode is Linear
We have the following groups for center of mass motion removal:
  0:  rest

++++ PLEASE READ AND CITE THE FOLLOWING REFERENCE ++++
G. Bussi, D. Donadio and M. Parrinello
Canonical sampling through velocity rescaling
J. Chem. Phys. 126 (2007) pp. 014101
-------- -------- --- Thank You --- -------- --------

There are: 8931 Atoms
Atom distribution over 4 domains: av 2232 stddev 87 min 2139 max 2320

Constraining the starting coordinates (step 0)

Constraining the coordinates at t0-dt (step 0)
RMS relative constraint deviation after constraining: 0.00e+00
Initial temperature: 297.752 K

Started mdrun on rank 0 Fri May 15 10:29:08 2026

           Step           Time
              0        0.00000

   Energies (kJ/mol)
           Bond          Angle    Proper Dih.  Improper Dih.          LJ-14
    1.44725e+01    7.37090e+01    3.13731e+02    3.80168e+00    1.77612e+02
     Coulomb-14        LJ (SR)   Coulomb (SR)   Coul. recip. Position Rest.
    2.46931e+03    1.75249e+04   -1.52916e+05    5.23578e+02    8.25302e-05
      Potential    Kinetic En.   Total Energy  Conserved En.    Temperature
   -1.31814e+05    2.22483e+04   -1.09566e+05   -1.09566e+05    2.98079e+02
 Pressure (bar)   Constr. rmsd
   -3.77425e+03    2.75567e-06


DD  step 79 load imb.: force  4.5%

step 160 Turning on dynamic load balancing, because the performance loss due to load imbalance is 2.7 %.
           Step           Time
           2500        5.00000

   Energies (kJ/mol)
           Bond          Angle    Proper Dih.  Improper Dih.          LJ-14
    9.65496e+01    2.18268e+02    3.78414e+02    1.31343e+01    1.82813e+02
     Coulomb-14        LJ (SR)   Coulomb (SR)   Coul. recip. Position Rest.
    2.41330e+03    1.85483e+04   -1.41994e+05    4.06355e+02    3.83186e+01
      Potential    Kinetic En.   Total Energy  Conserved En.    Temperature
   -1.19699e+05    2.13270e+04   -9.83720e+04   -1.09391e+05    2.85735e+02
 Pressure (bar)   Constr. rmsd
    1.80230e+02    1.41926e-06

           Step           Time
           5000       10.00000

   Energies (kJ/mol)
           Bond          Angle    Proper Dih.  Improper Dih.          LJ-14
    1.09889e+02    2.86906e+02    3.43052e+02    1.59680e+01    1.80998e+02
     Coulomb-14        LJ (SR)   Coulomb (SR)   Coul. recip. Position Rest.
    2.44669e+03    1.75983e+04   -1.39802e+05    4.05324e+02    4.44772e+01
      Potential    Kinetic En.   Total Energy  Conserved En.    Temperature
   -1.18370e+05    2.15989e+04   -9.67714e+04   -1.09384e+05    2.89378e+02
 Pressure (bar)   Constr. rmsd
   -2.96590e+02    1.83563e-06

           Step           Time
           7500       15.00000

   Energies (kJ/mol)
           Bond          Angle    Proper Dih.  Improper Dih.          LJ-14
    1.03209e+02    2.84917e+02    3.58514e+02    1.52154e+01    1.85440e+02
     Coulomb-14        LJ (SR)   Coulomb (SR)   Coul. recip. Position Rest.
    2.39502e+03    1.73710e+04   -1.39708e+05    3.96987e+02    5.29304e+01
      Potential    Kinetic En.   Total Energy  Conserved En.    Temperature
   -1.18544e+05    2.18811e+04   -9.66633e+04   -1.09375e+05    2.93159e+02
 Pressure (bar)   Constr. rmsd
   -4.95229e+02    1.70622e-06


DD  step 9999  vol min/aver 0.991  load imb.: force  0.6%
           Step           Time
          10000       20.00000

   Energies (kJ/mol)
           Bond          Angle    Proper Dih.  Improper Dih.          LJ-14
    1.76279e+02    3.14242e+02    3.48324e+02    1.85429e+01    1.68521e+02
     Coulomb-14        LJ (SR)   Coulomb (SR)   Coul. recip. Position Rest.
    2.40144e+03    1.75067e+04   -1.39532e+05    4.06645e+02    5.72652e+01
      Potential    Kinetic En.   Total Energy  Conserved En.    Temperature
   -1.18134e+05    2.22172e+04   -9.59165e+04   -1.09372e+05    2.97662e+02
 Pressure (bar)   Constr. rmsd
   -4.69072e+02    2.32587e-06

           Step           Time
          12500       25.00000

   Energies (kJ/mol)
           Bond          Angle    Proper Dih.  Improper Dih.          LJ-14
    1.39112e+02    3.26075e+02    3.70966e+02    2.07780e+01    1.80258e+02
     Coulomb-14        LJ (SR)   Coulomb (SR)   Coul. recip. Position Rest.
    2.44055e+03    1.79196e+04   -1.39797e+05    4.25126e+02    4.03153e+01
      Potential    Kinetic En.   Total Energy  Conserved En.    Temperature
   -1.17934e+05    2.23657e+04   -9.55688e+04   -1.09361e+05    2.99652e+02
 Pressure (bar)   Constr. rmsd
   -8.97873e+01    1.88737e-06

           Step           Time
          15000       30.00000

   Energies (kJ/mol)
           Bond          Angle    Proper Dih.  Improper Dih.          LJ-14
    1.46753e+02    2.97181e+02    3.93541e+02    1.67295e+01    1.84640e+02
     Coulomb-14        LJ (SR)   Coulomb (SR)   Coul. recip. Position Rest.
    2.44751e+03    1.75544e+04   -1.40040e+05    4.35375e+02    4.53141e+01
      Potential    Kinetic En.   Total Energy  Conserved En.    Temperature
   -1.18518e+05    2.20400e+04   -9.64782e+04   -1.09347e+05    2.95289e+02
 Pressure (bar)   Constr. rmsd
   -3.94982e+02    2.24540e-06

           Step           Time
          17500       35.00000

   Energies (kJ/mol)
           Bond          Angle    Proper Dih.  Improper Dih.          LJ-14
    1.68173e+02    2.95336e+02    3.67030e+02    2.17395e+01    1.78759e+02
     Coulomb-14        LJ (SR)   Coulomb (SR)   Coul. recip. Position Rest.
    2.42795e+03    1.80197e+04   -1.40406e+05    4.31485e+02    3.32023e+01
      Potential    Kinetic En.   Total Energy  Conserved En.    Temperature
   -1.18463e+05    2.18720e+04   -9.65909e+04   -1.09340e+05    2.93038e+02
 Pressure (bar)   Constr. rmsd
   -1.37255e+02    2.37488e-06


DD  step 19999  vol min/aver 0.992  load imb.: force  1.2%
           Step           Time
          20000       40.00000

   Energies (kJ/mol)
           Bond          Angle    Proper Dih.  Improper Dih.          LJ-14
    1.56242e+02    3.19694e+02    3.82363e+02    1.57308e+01    1.65675e+02
     Coulomb-14        LJ (SR)   Coulomb (SR)   Coul. recip. Position Rest.
    2.42766e+03    1.79034e+04   -1.39720e+05    4.14904e+02    5.32741e+01
      Potential    Kinetic En.   Total Energy  Conserved En.    Temperature
   -1.17881e+05    2.21098e+04   -9.57711e+04   -1.09335e+05    2.96224e+02
 Pressure (bar)   Constr. rmsd
    7.44153e+01    2.37018e-06

           Step           Time
          22500       45.00000

   Energies (kJ/mol)
           Bond          Angle    Proper Dih.  Improper Dih.          LJ-14
    1.69022e+02    3.44182e+02    3.56825e+02    1.55627e+01    1.70553e+02
     Coulomb-14        LJ (SR)   Coulomb (SR)   Coul. recip. Position Rest.
    2.39808e+03    1.79192e+04   -1.39901e+05    4.34069e+02    3.62898e+01
      Potential    Kinetic En.   Total Energy  Conserved En.    Temperature
   -1.18058e+05    2.22788e+04   -9.57789e+04   -1.09325e+05    2.98487e+02
 Pressure (bar)   Constr. rmsd
   -4.88211e+00    2.06726e-06

           Step           Time
          25000       50.00000

   Energies (kJ/mol)
           Bond          Angle    Proper Dih.  Improper Dih.          LJ-14
    1.45836e+02    3.11186e+02    3.81840e+02    1.81851e+01    1.69366e+02
     Coulomb-14        LJ (SR)   Coulomb (SR)   Coul. recip. Position Rest.
    2.41545e+03    1.76748e+04   -1.39921e+05    3.87576e+02    3.69115e+01
      Potential    Kinetic En.   Total Energy  Conserved En.    Temperature
   -1.18379e+05    2.20271e+04   -9.63523e+04   -1.09321e+05    2.95115e+02
 Pressure (bar)   Constr. rmsd
   -3.67562e+02    1.90471e-06

           Step           Time
          27500       55.00000

   Energies (kJ/mol)
           Bond          Angle    Proper Dih.  Improper Dih.          LJ-14
    9.91108e+01    2.87560e+02    3.86715e+02    2.13627e+01    1.79535e+02
     Coulomb-14        LJ (SR)   Coulomb (SR)   Coul. recip. Position Rest.
    2.45823e+03    1.76201e+04   -1.39705e+05    3.90376e+02    4.45948e+01
      Potential    Kinetic En.   Total Energy  Conserved En.    Temperature
   -1.18218e+05    2.21263e+04   -9.60914e+04   -1.09315e+05    2.96444e+02
 Pressure (bar)   Constr. rmsd
   -3.59947e+02    1.77882e-06


DD  step 29999  vol min/aver 0.946  load imb.: force  0.7%
           Step           Time
          30000       60.00000

   Energies (kJ/mol)
           Bond          Angle    Proper Dih.  Improper Dih.          LJ-14
    1.17820e+02    2.78927e+02    3.59108e+02    1.13954e+01    1.93366e+02
     Coulomb-14        LJ (SR)   Coulomb (SR)   Coul. recip. Position Rest.
    2.48341e+03    1.76594e+04   -1.39725e+05    3.89152e+02    4.74113e+01
      Potential    Kinetic En.   Total Energy  Conserved En.    Temperature
   -1.18185e+05    2.24924e+04   -9.56924e+04   -1.09306e+05    3.01349e+02
 Pressure (bar)   Constr. rmsd
   -1.52429e+02    1.66833e-06

           Step           Time
          32500       65.00000

   Energies (kJ/mol)
           Bond          Angle    Proper Dih.  Improper Dih.          LJ-14
    1.44712e+02    2.77874e+02    3.67953e+02    1.99977e+01    1.77647e+02
     Coulomb-14        LJ (SR)   Coulomb (SR)   Coul. recip. Position Rest.
    2.38041e+03    1.76138e+04   -1.39474e+05    4.05414e+02    3.67001e+01
      Potential    Kinetic En.   Total Energy  Conserved En.    Temperature
   -1.18049e+05    2.21164e+04   -9.59328e+04   -1.09301e+05    2.96311e+02
 Pressure (bar)   Constr. rmsd
   -2.46214e+02    1.86946e-06

           Step           Time
          35000       70.00000

   Energies (kJ/mol)
           Bond          Angle    Proper Dih.  Improper Dih.          LJ-14
    1.08523e+02    2.97406e+02    3.69176e+02    1.39537e+01    1.77538e+02
     Coulomb-14        LJ (SR)   Coulomb (SR)   Coul. recip. Position Rest.
    2.43945e+03    1.77753e+04   -1.40049e+05    4.11983e+02    3.82103e+01
      Potential    Kinetic En.   Total Energy  Conserved En.    Temperature
   -1.18418e+05    2.21143e+04   -9.63032e+04   -1.09298e+05    2.96284e+02
 Pressure (bar)   Constr. rmsd
    1.82392e+02    2.05950e-06

           Step           Time
          37500       75.00000

   Energies (kJ/mol)
           Bond          Angle    Proper Dih.  Improper Dih.          LJ-14
    1.26195e+02    3.15263e+02    3.67489e+02    2.58903e+01    1.84445e+02
     Coulomb-14        LJ (SR)   Coulomb (SR)   Coul. recip. Position Rest.
    2.43564e+03    1.80093e+04   -1.40041e+05    4.10547e+02    4.58189e+01
      Potential    Kinetic En.   Total Energy  Conserved En.    Temperature
   -1.18120e+05    2.22084e+04   -9.59120e+04   -1.09282e+05    2.97545e+02
 Pressure (bar)   Constr. rmsd
    3.63112e+01    1.48303e-06


DD  step 39999  vol min/aver 0.975  load imb.: force  0.7%
           Step           Time
          40000       80.00000

   Energies (kJ/mol)
           Bond          Angle    Proper Dih.  Improper Dih.          LJ-14
    1.32605e+02    3.50796e+02    3.85404e+02    2.24409e+01    1.91862e+02
     Coulomb-14        LJ (SR)   Coulomb (SR)   Coul. recip. Position Rest.
    2.42998e+03    1.81802e+04   -1.40050e+05    4.13395e+02    3.42170e+01
      Potential    Kinetic En.   Total Energy  Conserved En.    Temperature
   -1.17909e+05    2.22036e+04   -9.57056e+04   -1.09271e+05    2.97479e+02
 Pressure (bar)   Constr. rmsd
    3.38135e+02    1.56482e-06

           Step           Time
          42500       85.00000

   Energies (kJ/mol)
           Bond          Angle    Proper Dih.  Improper Dih.          LJ-14
    1.10607e+02    3.11970e+02    3.49785e+02    1.54116e+01    1.85705e+02
     Coulomb-14        LJ (SR)   Coulomb (SR)   Coul. recip. Position Rest.
    2.46364e+03    1.77036e+04   -1.39981e+05    3.98963e+02    4.92427e+01
      Potential    Kinetic En.   Total Energy  Conserved En.    Temperature
   -1.18393e+05    2.26848e+04   -9.57078e+04   -1.09274e+05    3.03927e+02
 Pressure (bar)   Constr. rmsd
   -3.23585e+02    2.46304e-06

           Step           Time
          45000       90.00000

   Energies (kJ/mol)
           Bond          Angle    Proper Dih.  Improper Dih.          LJ-14
    1.20006e+02    3.61545e+02    3.58403e+02    2.39174e+01    1.71483e+02
     Coulomb-14        LJ (SR)   Coulomb (SR)   Coul. recip. Position Rest.
    2.46369e+03    1.74657e+04   -1.39880e+05    4.28185e+02    4.75735e+01
      Potential    Kinetic En.   Total Energy  Conserved En.    Temperature
   -1.18440e+05    2.23946e+04   -9.60452e+04   -1.09254e+05    3.00040e+02
 Pressure (bar)   Constr. rmsd
   -5.92196e+02    1.78976e-06

           Step           Time
          47500       95.00000

   Energies (kJ/mol)
           Bond          Angle    Proper Dih.  Improper Dih.          LJ-14
    1.39721e+02    2.49988e+02    3.62443e+02    1.98715e+01    1.91492e+02
     Coulomb-14        LJ (SR)   Coulomb (SR)   Coul. recip. Position Rest.
    2.45095e+03    1.79190e+04   -1.39992e+05    4.16813e+02    5.74246e+01
      Potential    Kinetic En.   Total Energy  Conserved En.    Temperature
   -1.18184e+05    2.22490e+04   -9.59353e+04   -1.09249e+05    2.98089e+02
 Pressure (bar)   Constr. rmsd
    3.86104e+01    2.91534e-06


DD  step 49999  vol min/aver 0.960  load imb.: force  1.8%
           Step           Time
          50000      100.00000

Writing checkpoint, step 50000 at Fri May 15 10:30:16 2026


   Energies (kJ/mol)
           Bond          Angle    Proper Dih.  Improper Dih.          LJ-14
    1.35618e+02    2.53396e+02    3.67059e+02    1.20939e+01    1.96193e+02
     Coulomb-14        LJ (SR)   Coulomb (SR)   Coul. recip. Position Rest.
    2.45973e+03    1.77103e+04   -1.39843e+05    4.03442e+02    3.74445e+01
      Potential    Kinetic En.   Total Energy  Conserved En.    Temperature
   -1.18268e+05    2.22615e+04   -9.60064e+04   -1.09248e+05    2.98256e+02
 Pressure (bar)   Constr. rmsd
   -1.01649e+02    1.66693e-06

	<======  ###############  ==>
	<====  A V E R A G E S  ====>
	<==  ###############  ======>

	Statistics over 50001 steps using 501 frames

   Energies (kJ/mol)
           Bond          Angle    Proper Dih.  Improper Dih.          LJ-14
    1.34115e+02    2.93664e+02    3.70523e+02    1.81588e+01    1.79175e+02
     Coulomb-14        LJ (SR)   Coulomb (SR)   Coul. recip. Position Rest.
    2.42882e+03    1.78718e+04   -1.40211e+05    4.08011e+02    4.44209e+01
      Potential    Kinetic En.   Total Energy  Conserved En.    Temperature
   -1.18462e+05    2.20569e+04   -9.64052e+04   -1.09321e+05    2.95515e+02
 Pressure (bar)   Constr. rmsd
   -2.10492e+02    0.00000e+00

   Total Virial (kJ/mol)
    7.90833e+03   -1.37536e+01   -1.59188e+01
   -1.36173e+01    7.93395e+03   -9.27243e+00
   -1.58152e+01   -9.43932e+00    7.95828e+03

   Pressure (bar)
   -1.95921e+02    7.17918e+00    4.06422e+00
    7.12982e+00   -2.15039e+02    5.37849e+00
    4.02670e+00    5.43893e+00   -2.20515e+02


	M E G A - F L O P S   A C C O U N T I N G

 NB=Group-cutoff nonbonded kernels    NxN=N-by-N cluster Verlet kernels
 RF=Reaction-Field  VdW=Van der Waals  QSTab=quadratic-spline table
 W3=SPC/TIP3p  W4=TIP4p (single or pairs)
 V&F=Potential and force  V=Potential only  F=Force only

 Computing:                               M-Number         M-Flops  % Flops
-----------------------------------------------------------------------------
 Pair Search distance check            2533.882070       22804.939     0.1
 NxN QSTab Elec. + LJ [F]            172571.522432     9146290.689    58.1
 NxN QSTab Elec. + LJ [V&F]            1746.606312      141475.111     0.9
 NxN QSTab Elec. [F]                 165787.616240     5636778.952    35.8
 NxN QSTab Elec. [V&F]                 1678.016088       68798.660     0.4
 1,4 nonbonded interactions              21.450429        1930.539     0.0
 Calc Weights                          1339.676793       48228.365     0.3
 Spread Q Bspline                     28579.771584       57159.543     0.4
 Gather F Bspline                     28579.771584      171478.630     1.1
 3D-FFT                               49152.883038      393223.064     2.5
 Solve PME                               51.201024        3276.866     0.0
 Reset In Box                             5.590806          16.772     0.0
 CG-CoM                                   5.599737          16.799     0.0
 Bonds                                    4.900098         289.106     0.0
 Angles                                  14.950299        2511.650     0.0
 Propers                                 21.650433        4957.949     0.0
 Impropers                                2.300046         478.410     0.0
 Pos. Restr.                              4.650093         232.505     0.0
 Virial                                   4.564611          82.163     0.0
 Stop-CM                                  4.483362          44.834     0.0
 Calc-Ekin                               89.327862        2411.852     0.0
 Lincs                                    3.650219         219.013     0.0
 Lincs-Mat                               12.000720          48.003     0.0
 Constraint-V                           445.467818        3563.743     0.0
 Constraint-Vir                           4.426836         106.244     0.0
 Settle                                 146.058763       47176.980     0.3
-----------------------------------------------------------------------------
 Total                                                15753601.379   100.0
-----------------------------------------------------------------------------


    D O M A I N   D E C O M P O S I T I O N   S T A T I S T I C S

 av. #atoms communicated per step for force:  2 x 11284.7


Dynamic load balancing report:
 DLB was turned on during the run due to measured imbalance.
 Average load imbalance: 1.1%.
 The balanceable part of the MD step is 72%, load imbalance is computed from this.
 Part of the total run time spent waiting due to load imbalance: 0.8%.
 Steps where the load balancing was limited by -rdd, -rcon and/or -dds: X 0 %


     R E A L   C Y C L E   A N D   T I M E   A C C O U N T I N G

On 4 MPI ranks, each using 4 OpenMP threads

 Computing:          Num   Num      Call    Wall time         Giga-Cycles
                     Ranks Threads  Count      (s)         total sum    %
-----------------------------------------------------------------------------
 Domain decomp.         4    4        626       0.422         13.513   0.6
 DD comm. load          4    4        625       0.002          0.077   0.0
 DD comm. bounds        4    4        624       0.004          0.126   0.0
 Neighbor search        4    4        626       1.025         32.796   1.5
 Comm. coord.           4    4      49375       1.396         44.648   2.0
 Force                  4    4      50001      45.051       1441.097  65.7
 Wait + Comm. F         4    4      50001       1.395         44.625   2.0
 PME mesh               4    4      50001      15.320        490.062  22.3
 NB X/F buffer ops.     4    4     148751       2.008         64.231   2.9
 Write traj.            4    4         21       0.101          3.230   0.1
 Update                 4    4      50001       0.557         17.810   0.8
 Constraints            4    4      50003       0.762         24.375   1.1
 Comm. energies         4    4       5001       0.342         10.939   0.5
 Rest                                           0.212          6.777   0.3
-----------------------------------------------------------------------------
 Total                                         68.597       2194.309 100.0
-----------------------------------------------------------------------------
 Breakdown of PME mesh computation
-----------------------------------------------------------------------------
 PME redist. X/F        4    4     100002       3.453        110.467   5.0
 PME spread             4    4      50001       4.563        145.972   6.7
 PME gather             4    4      50001       2.968         94.927   4.3
 PME 3D-FFT             4    4     100002       2.906         92.946   4.2
 PME 3D-FFT Comm.       4    4     100002       1.172         37.482   1.7
 PME solve Elec         4    4      50001       0.177          5.674   0.3
-----------------------------------------------------------------------------

               Core t (s)   Wall t (s)        (%)
       Time:     1097.039       68.597     1599.2
                 (ns/day)    (hour/ns)
Performance:      125.955        0.191
Finished mdrun on rank 0 Fri May 15 10:30:17 2026

